
==== 2026-09-08 14:44:35 start-at 6 ====
Run folder : src/calib_data/run_0908_1444
Step 3 in  : src/calib_data/calib_step3c_0907_1358_pad10.json
Log        : src/calib_data/run_0908_1444/run.log

======================================================================
== STEP 6  (calib_step6_v2)
==   in   : src/calib_data/calib_step3c_0907_1358_pad10.json
==   out  : src/calib_data/run_0908_1444
==   pairs: [2, 3, 4, 5, 6]
======================================================================
Step 6 v2: 37 acquisitions/pair over 12 levels (10 estimator + 2 verification), interleaved, brightest first (~5.5 min/pair)
Pairs: [2, 3, 4, 5, 6]
Layout: 40 px window + 10 px pad (pitch 50 px), encoding 'fit'
  display 1: 1920x1080 (EM2FPAB24B,ELE,0001,8011730240001)
  display 2: 1920x1200 (LCOS-SLM,SOC,8001,2018021001)
SLM: connected on display 2 (1920x1200)
SLM: DVI mode set (USB device 1)
DAQ: Dev1 (USB-6251 (BNC)) ai0 @ 1000 S/s, +/-0.1 V, low-pass 20 Hz -- T_both 8 s, T_single 10 s

=== Sweep: pair 2 ===
[1/37] pair 2 rep 0 x=1.000 w=1.000 (8s) -> 22.7500 mV  std ratio 3.85%
[2/37] pair 2 rep 0 x=1.000 w=0.900 (8s) -> 20.6621 mV  std ratio 3.27%
[3/37] pair 2 rep 0 x=1.000 w=0.700 (8s) -> 16.3306 mV  std ratio 3.86%
[4/37] pair 2 rep 0 x=1.000 w=0.450 (8s) -> 10.6272 mV  std ratio 3.90%
[5/37] pair 2 rep 0 x=1.000 w=0.250 (8s) -> 5.8717 mV  std ratio 5.25%
[6/37] pair 2 rep 0 x=0.500 w=0.500 (8s) -> 6.0555 mV  std ratio 5.70%
[7/37] pair 2 rep 0 x=1.000 w=0.200 (8s) -> 4.5921 mV  std ratio 6.53%
[8/37] pair 2 rep 0 x=1.000 w=0.000 (10s) -> -0.0842 mV  std ratio 38.39%
[9/37] pair 2 rep 0 x=0.000 w=1.000 (10s) -> -0.0798 mV  std ratio 41.95%
[10/37] pair 2 rep 0 x=0.500 w=0.000 (10s) -> -0.0963 mV  std ratio 33.36%
[11/37] pair 2 rep 0 x=0.000 w=0.500 (10s) -> -0.0944 mV  std ratio 36.04%
[12/37] pair 2 rep 0 x=0.000 w=0.000 (10s) -> -0.0959 mV  std ratio 32.69%
[13/37] pair 2 rep 1 x=1.000 w=1.000 (8s) -> 22.9298 mV  std ratio 3.23%
[14/37] pair 2 rep 1 x=1.000 w=0.900 (8s) -> 20.7991 mV  std ratio 4.18%
[15/37] pair 2 rep 1 x=1.000 w=0.700 (8s) -> 16.3986 mV  std ratio 3.78%
[16/37] pair 2 rep 1 x=1.000 w=0.450 (8s) -> 10.6567 mV  std ratio 4.31%
[17/37] pair 2 rep 1 x=1.000 w=0.250 (8s) -> 5.8297 mV  std ratio 5.58%
[18/37] pair 2 rep 1 x=0.500 w=0.500 (8s) -> 6.0100 mV  std ratio 5.39%
[19/37] pair 2 rep 1 x=1.000 w=0.200 (8s) -> 4.5011 mV  std ratio 6.23%
[20/37] pair 2 rep 1 x=1.000 w=0.000 (10s) -> -0.0881 mV  std ratio 39.13%
[21/37] pair 2 rep 1 x=0.000 w=1.000 (10s) -> -0.0855 mV  std ratio 41.53%
[22/37] pair 2 rep 1 x=0.500 w=0.000 (10s) -> -0.0840 mV  std ratio 40.54%
[23/37] pair 2 rep 1 x=0.000 w=0.500 (10s) -> -0.0777 mV  std ratio 41.07%
[24/37] pair 2 rep 1 x=0.000 w=0.000 (10s) -> -0.1031 mV  std ratio 29.64%
[25/37] pair 2 rep 2 x=1.000 w=0.900 (8s) -> 20.8949 mV  std ratio 3.97%
[26/37] pair 2 rep 2 x=1.000 w=0.700 (8s) -> 16.3245 mV  std ratio 3.83%
[27/37] pair 2 rep 2 x=1.000 w=0.450 (8s) -> 10.6490 mV  std ratio 4.26%
[28/37] pair 2 rep 2 x=1.000 w=0.250 (8s) -> 5.8613 mV  std ratio 5.47%
[29/37] pair 2 rep 2 x=0.500 w=0.500 (8s) -> 6.0543 mV  std ratio 5.35%
[30/37] pair 2 rep 2 x=1.000 w=0.200 (8s) -> 4.6020 mV  std ratio 6.09%
[31/37] pair 2 rep 2 x=1.000 w=0.000 (10s) -> -0.0714 mV  std ratio 47.33%
[32/37] pair 2 rep 3 x=1.000 w=0.900 (8s) -> 20.8572 mV  std ratio 3.47%
[33/37] pair 2 rep 3 x=1.000 w=0.700 (8s) -> 16.5498 mV  std ratio 3.74%
[34/37] pair 2 rep 3 x=1.000 w=0.450 (8s) -> 10.6856 mV  std ratio 4.29%
[35/37] pair 2 rep 3 x=1.000 w=0.200 (8s) -> 4.5664 mV  std ratio 6.54%
[36/37] pair 2 rep 4 x=1.000 w=0.900 (8s) -> 20.9991 mV  std ratio 3.42%
[37/37] pair 2 rep 5 x=1.000 w=0.900 (8s) -> 20.9930 mV  std ratio 3.51%

=== Sweep: pair 3 ===
[1/37] pair 3 rep 0 x=1.000 w=1.000 (8s) -> 23.8586 mV  std ratio 3.13%
[2/37] pair 3 rep 0 x=1.000 w=0.900 (8s) -> 21.5396 mV  std ratio 3.22%
[3/37] pair 3 rep 0 x=1.000 w=0.700 (8s) -> 16.9119 mV  std ratio 3.94%
[4/37] pair 3 rep 0 x=1.000 w=0.450 (8s) -> 10.9153 mV  std ratio 4.01%
[5/37] pair 3 rep 0 x=1.000 w=0.250 (8s) -> 6.0724 mV  std ratio 5.52%
[6/37] pair 3 rep 0 x=0.500 w=0.500 (8s) -> 6.1856 mV  std ratio 4.85%
[7/37] pair 3 rep 0 x=1.000 w=0.200 (8s) -> 4.7221 mV  std ratio 6.78%
[8/37] pair 3 rep 0 x=1.000 w=0.000 (10s) -> -0.0878 mV  std ratio 37.97%
[9/37] pair 3 rep 0 x=0.000 w=1.000 (10s) -> -0.0771 mV  std ratio 44.61%
[10/37] pair 3 rep 0 x=0.500 w=0.000 (10s) -> -0.0871 mV  std ratio 38.70%
[11/37] pair 3 rep 0 x=0.000 w=0.500 (10s) -> -0.0875 mV  std ratio 36.79%
[12/37] pair 3 rep 0 x=0.000 w=0.000 (10s) -> -0.0981 mV  std ratio 31.81%
[13/37] pair 3 rep 1 x=1.000 w=1.000 (8s) -> 23.3870 mV  std ratio 3.31%
[14/37] pair 3 rep 1 x=1.000 w=0.900 (8s) -> 21.1642 mV  std ratio 3.64%
[15/37] pair 3 rep 1 x=1.000 w=0.700 (8s) -> 16.7121 mV  std ratio 4.16%
[16/37] pair 3 rep 1 x=1.000 w=0.450 (8s) -> 10.9823 mV  std ratio 4.71%
[17/37] pair 3 rep 1 x=1.000 w=0.250 (8s) -> 6.0762 mV  std ratio 5.13%
[18/37] pair 3 rep 1 x=0.500 w=0.500 (8s) -> 6.1686 mV  std ratio 5.44%
[19/37] pair 3 rep 1 x=1.000 w=0.200 (8s) -> 4.7155 mV  std ratio 6.50%
[20/37] pair 3 rep 1 x=1.000 w=0.000 (10s) -> -0.0840 mV  std ratio 43.12%
[21/37] pair 3 rep 1 x=0.000 w=1.000 (10s) -> -0.0854 mV  std ratio 40.04%
[22/37] pair 3 rep 1 x=0.500 w=0.000 (10s) -> -0.0861 mV  std ratio 37.27%
[23/37] pair 3 rep 1 x=0.000 w=0.500 (10s) -> -0.0947 mV  std ratio 33.45%
[24/37] pair 3 rep 1 x=0.000 w=0.000 (10s) -> -0.0978 mV  std ratio 31.88%
[25/37] pair 3 rep 2 x=1.000 w=0.900 (8s) -> 21.0195 mV  std ratio 3.14%
[26/37] pair 3 rep 2 x=1.000 w=0.700 (8s) -> 16.7106 mV  std ratio 3.06%
[27/37] pair 3 rep 2 x=1.000 w=0.450 (8s) -> 10.8708 mV  std ratio 4.19%
[28/37] pair 3 rep 2 x=1.000 w=0.250 (8s) -> 6.0359 mV  std ratio 5.03%
[29/37] pair 3 rep 2 x=0.500 w=0.500 (8s) -> 6.2269 mV  std ratio 5.50%
[30/37] pair 3 rep 2 x=1.000 w=0.200 (8s) -> 4.7169 mV  std ratio 6.04%
[31/37] pair 3 rep 2 x=1.000 w=0.000 (10s) -> -0.0870 mV  std ratio 37.60%
[32/37] pair 3 rep 3 x=1.000 w=0.900 (8s) -> 21.4875 mV  std ratio 3.68%
[33/37] pair 3 rep 3 x=1.000 w=0.700 (8s) -> 16.8141 mV  std ratio 4.01%
[34/37] pair 3 rep 3 x=1.000 w=0.450 (8s) -> 10.8536 mV  std ratio 4.59%
[35/37] pair 3 rep 3 x=1.000 w=0.200 (8s) -> 4.8055 mV  std ratio 5.69%
[36/37] pair 3 rep 4 x=1.000 w=0.900 (8s) -> 21.2550 mV  std ratio 3.39%
[37/37] pair 3 rep 5 x=1.000 w=0.900 (8s) -> 21.3899 mV  std ratio 3.04%

=== Sweep: pair 4 ===
[1/37] pair 4 rep 0 x=1.000 w=1.000 (8s) -> 27.0846 mV  std ratio 3.20%
[2/37] pair 4 rep 0 x=1.000 w=0.900 (8s) -> 24.7478 mV  std ratio 2.86%
[3/37] pair 4 rep 0 x=1.000 w=0.700 (8s) -> 19.0505 mV  std ratio 3.59%
[4/37] pair 4 rep 0 x=1.000 w=0.450 (8s) -> 12.5128 mV  std ratio 4.52%
[5/37] pair 4 rep 0 x=1.000 w=0.250 (8s) -> 6.8322 mV  std ratio 5.31%
[6/37] pair 4 rep 0 x=0.500 w=0.500 (8s) -> 7.0990 mV  std ratio 5.08%
[7/37] pair 4 rep 0 x=1.000 w=0.200 (8s) -> 5.3878 mV  std ratio 5.58%
[8/37] pair 4 rep 0 x=1.000 w=0.000 (10s) -> -0.0896 mV  std ratio 37.92%
[9/37] pair 4 rep 0 x=0.000 w=1.000 (10s) -> -0.0795 mV  std ratio 40.93%
[10/37] pair 4 rep 0 x=0.500 w=0.000 (10s) -> -0.0852 mV  std ratio 41.52%
[11/37] pair 4 rep 0 x=0.000 w=0.500 (10s) -> -0.0900 mV  std ratio 33.52%
[12/37] pair 4 rep 0 x=0.000 w=0.000 (10s) -> -0.1063 mV  std ratio 25.76%
[13/37] pair 4 rep 1 x=1.000 w=1.000 (8s) -> 27.0303 mV  std ratio 2.71%
[14/37] pair 4 rep 1 x=1.000 w=0.900 (8s) -> 24.5343 mV  std ratio 3.59%
[15/37] pair 4 rep 1 x=1.000 w=0.700 (8s) -> 19.2862 mV  std ratio 3.29%
[16/37] pair 4 rep 1 x=1.000 w=0.450 (8s) -> 12.4539 mV  std ratio 4.62%
[17/37] pair 4 rep 1 x=1.000 w=0.250 (8s) -> 6.8616 mV  std ratio 4.80%
[18/37] pair 4 rep 1 x=0.500 w=0.500 (8s) -> 7.1323 mV  std ratio 5.20%
[19/37] pair 4 rep 1 x=1.000 w=0.200 (8s) -> 5.4929 mV  std ratio 5.53%
[20/37] pair 4 rep 1 x=1.000 w=0.000 (10s) -> -0.0796 mV  std ratio 43.27%
[21/37] pair 4 rep 1 x=0.000 w=1.000 (10s) -> -0.0701 mV  std ratio 51.68%
[22/37] pair 4 rep 1 x=0.500 w=0.000 (10s) -> -0.0876 mV  std ratio 37.15%
[23/37] pair 4 rep 1 x=0.000 w=0.500 (10s) -> -0.0996 mV  std ratio 34.20%
[24/37] pair 4 rep 1 x=0.000 w=0.000 (10s) -> -0.1076 mV  std ratio 28.71%
[25/37] pair 4 rep 2 x=1.000 w=0.900 (8s) -> 25.0149 mV  std ratio 2.86%
[26/37] pair 4 rep 2 x=1.000 w=0.700 (8s) -> 19.3750 mV  std ratio 3.49%
[27/37] pair 4 rep 2 x=1.000 w=0.450 (8s) -> 12.5562 mV  std ratio 4.01%
[28/37] pair 4 rep 2 x=1.000 w=0.250 (8s) -> 6.9064 mV  std ratio 5.27%
[29/37] pair 4 rep 2 x=0.500 w=0.500 (8s) -> 7.1773 mV  std ratio 4.82%
[30/37] pair 4 rep 2 x=1.000 w=0.200 (8s) -> 5.4364 mV  std ratio 5.92%
[31/37] pair 4 rep 2 x=1.000 w=0.000 (10s) -> -0.0889 mV  std ratio 39.89%
[32/37] pair 4 rep 3 x=1.000 w=0.900 (8s) -> 25.0062 mV  std ratio 3.27%
[33/37] pair 4 rep 3 x=1.000 w=0.700 (8s) -> 19.3187 mV  std ratio 3.62%
[34/37] pair 4 rep 3 x=1.000 w=0.450 (8s) -> 12.8320 mV  std ratio 4.06%
[35/37] pair 4 rep 3 x=1.000 w=0.200 (8s) -> 5.4506 mV  std ratio 5.77%
[36/37] pair 4 rep 4 x=1.000 w=0.900 (8s) -> 24.7284 mV  std ratio 3.22%
[37/37] pair 4 rep 5 x=1.000 w=0.900 (8s) -> 24.9946 mV  std ratio 3.57%

=== Sweep: pair 5 ===
[1/37] pair 5 rep 0 x=1.000 w=1.000 (8s) -> 35.1009 mV  std ratio 2.81%
[2/37] pair 5 rep 0 x=1.000 w=0.900 (8s) -> 31.6451 mV  std ratio 3.10%
[3/37] pair 5 rep 0 x=1.000 w=0.700 (8s) -> 24.7184 mV  std ratio 3.16%
[4/37] pair 5 rep 0 x=1.000 w=0.450 (8s) -> 16.1227 mV  std ratio 3.68%
[5/37] pair 5 rep 0 x=1.000 w=0.250 (8s) -> 8.8192 mV  std ratio 5.09%
[6/37] pair 5 rep 0 x=0.500 w=0.500 (8s) -> 9.0653 mV  std ratio 4.69%
[7/37] pair 5 rep 0 x=1.000 w=0.200 (8s) -> 6.9155 mV  std ratio 4.96%
[8/37] pair 5 rep 0 x=1.000 w=0.000 (10s) -> -0.1044 mV  std ratio 31.22%
[9/37] pair 5 rep 0 x=0.000 w=1.000 (10s) -> -0.0922 mV  std ratio 38.59%
[10/37] pair 5 rep 0 x=0.500 w=0.000 (10s) -> -0.1123 mV  std ratio 29.20%
[11/37] pair 5 rep 0 x=0.000 w=0.500 (10s) -> -0.1064 mV  std ratio 32.22%
[12/37] pair 5 rep 0 x=0.000 w=0.000 (10s) -> -0.1042 mV  std ratio 27.97%
[13/37] pair 5 rep 1 x=1.000 w=1.000 (8s) -> 34.6887 mV  std ratio 2.63%
[14/37] pair 5 rep 1 x=1.000 w=0.900 (8s) -> 31.5057 mV  std ratio 3.04%
[15/37] pair 5 rep 1 x=1.000 w=0.700 (8s) -> 24.6331 mV  std ratio 3.11%
[16/37] pair 5 rep 1 x=1.000 w=0.450 (8s) -> 15.7911 mV  std ratio 3.75%
[17/37] pair 5 rep 1 x=1.000 w=0.250 (8s) -> 8.8198 mV  std ratio 4.84%
[18/37] pair 5 rep 1 x=0.500 w=0.500 (8s) -> 8.9447 mV  std ratio 4.71%
[19/37] pair 5 rep 1 x=1.000 w=0.200 (8s) -> 6.9122 mV  std ratio 5.51%
[20/37] pair 5 rep 1 x=1.000 w=0.000 (10s) -> -0.0833 mV  std ratio 40.63%
[21/37] pair 5 rep 1 x=0.000 w=1.000 (10s) -> -0.0843 mV  std ratio 38.60%
[22/37] pair 5 rep 1 x=0.500 w=0.000 (10s) -> -0.1043 mV  std ratio 31.05%
[23/37] pair 5 rep 1 x=0.000 w=0.500 (10s) -> -0.0982 mV  std ratio 36.50%
[24/37] pair 5 rep 1 x=0.000 w=0.000 (10s) -> -0.1103 mV  std ratio 27.58%
[25/37] pair 5 rep 2 x=1.000 w=0.900 (8s) -> 31.4919 mV  std ratio 3.04%
[26/37] pair 5 rep 2 x=1.000 w=0.700 (8s) -> 24.7308 mV  std ratio 3.00%
[27/37] pair 5 rep 2 x=1.000 w=0.450 (8s) -> 16.1006 mV  std ratio 3.51%
[28/37] pair 5 rep 2 x=1.000 w=0.250 (8s) -> 8.8337 mV  std ratio 4.45%
[29/37] pair 5 rep 2 x=0.500 w=0.500 (8s) -> 9.0520 mV  std ratio 4.13%
[30/37] pair 5 rep 2 x=1.000 w=0.200 (8s) -> 6.8926 mV  std ratio 5.07%
[31/37] pair 5 rep 2 x=1.000 w=0.000 (10s) -> -0.0980 mV  std ratio 33.73%
[32/37] pair 5 rep 3 x=1.000 w=0.900 (8s) -> 31.6989 mV  std ratio 3.04%
[33/37] pair 5 rep 3 x=1.000 w=0.700 (8s) -> 24.8513 mV  std ratio 3.43%
[34/37] pair 5 rep 3 x=1.000 w=0.450 (8s) -> 16.0167 mV  std ratio 4.07%
[35/37] pair 5 rep 3 x=1.000 w=0.200 (8s) -> 6.9641 mV  std ratio 5.11%
[36/37] pair 5 rep 4 x=1.000 w=0.900 (8s) -> 31.3252 mV  std ratio 3.18%
[37/37] pair 5 rep 5 x=1.000 w=0.900 (8s) -> 31.5237 mV  std ratio 3.13%

=== Sweep: pair 6 ===
[1/37] pair 6 rep 0 x=1.000 w=1.000 (8s) -> 50.3536 mV  std ratio 2.57%
[2/37] pair 6 rep 0 x=1.000 w=0.900 (8s) -> 44.9599 mV  std ratio 2.54%
[3/37] pair 6 rep 0 x=1.000 w=0.700 (8s) -> 35.5094 mV  std ratio 3.37%
[4/37] pair 6 rep 0 x=1.000 w=0.450 (8s) -> 23.0831 mV  std ratio 2.97%
[5/37] pair 6 rep 0 x=1.000 w=0.250 (8s) -> 12.6149 mV  std ratio 4.00%
[6/37] pair 6 rep 0 x=0.500 w=0.500 (8s) -> 13.3162 mV  std ratio 4.23%
[7/37] pair 6 rep 0 x=1.000 w=0.200 (8s) -> 9.9747 mV  std ratio 4.63%
[8/37] pair 6 rep 0 x=1.000 w=0.000 (10s) -> -0.0819 mV  std ratio 42.98%
[9/37] pair 6 rep 0 x=0.000 w=1.000 (10s) -> -0.0567 mV  std ratio 74.68%
[10/37] pair 6 rep 0 x=0.500 w=0.000 (10s) -> -0.0978 mV  std ratio 32.43%
[11/37] pair 6 rep 0 x=0.000 w=0.500 (10s) -> -0.0757 mV  std ratio 48.74%
[12/37] pair 6 rep 0 x=0.000 w=0.000 (10s) -> -0.0948 mV  std ratio 33.73%
[13/37] pair 6 rep 1 x=1.000 w=1.000 (8s) -> 50.3592 mV  std ratio 2.34%
[14/37] pair 6 rep 1 x=1.000 w=0.900 (8s) -> 45.1345 mV  std ratio 2.82%
[15/37] pair 6 rep 1 x=1.000 w=0.700 (8s) -> 35.1722 mV  std ratio 3.70%
[16/37] pair 6 rep 1 x=1.000 w=0.450 (8s) -> 23.0762 mV  std ratio 3.70%
[17/37] pair 6 rep 1 x=1.000 w=0.250 (8s) -> 12.5862 mV  std ratio 4.25%
[18/37] pair 6 rep 1 x=0.500 w=0.500 (8s) -> 13.2984 mV  std ratio 3.59%
[19/37] pair 6 rep 1 x=1.000 w=0.200 (8s) -> 9.9450 mV  std ratio 4.56%
[20/37] pair 6 rep 1 x=1.000 w=0.000 (10s) -> -0.0725 mV  std ratio 57.01%
[21/37] pair 6 rep 1 x=0.000 w=1.000 (10s) -> -0.0277 mV  std ratio 183.75%
[22/37] pair 6 rep 1 x=0.500 w=0.000 (10s) -> -0.0952 mV  std ratio 37.62%
[23/37] pair 6 rep 1 x=0.000 w=0.500 (10s) -> -0.0776 mV  std ratio 51.91%
[24/37] pair 6 rep 1 x=0.000 w=0.000 (10s) -> -0.0891 mV  std ratio 34.11%
[25/37] pair 6 rep 2 x=1.000 w=0.900 (8s) -> 45.3230 mV  std ratio 2.51%
[26/37] pair 6 rep 2 x=1.000 w=0.700 (8s) -> 35.5045 mV  std ratio 3.00%
[27/37] pair 6 rep 2 x=1.000 w=0.450 (8s) -> 23.1083 mV  std ratio 3.21%
[28/37] pair 6 rep 2 x=1.000 w=0.250 (8s) -> 12.4939 mV  std ratio 4.17%
[29/37] pair 6 rep 2 x=0.500 w=0.500 (8s) -> 13.1681 mV  std ratio 4.00%
[30/37] pair 6 rep 2 x=1.000 w=0.200 (8s) -> 10.0541 mV  std ratio 4.12%
[31/37] pair 6 rep 2 x=1.000 w=0.000 (10s) -> -0.0770 mV  std ratio 47.49%
[32/37] pair 6 rep 3 x=1.000 w=0.900 (8s) -> 45.1353 mV  std ratio 2.86%
[33/37] pair 6 rep 3 x=1.000 w=0.700 (8s) -> 35.2747 mV  std ratio 3.15%
[34/37] pair 6 rep 3 x=1.000 w=0.450 (8s) -> 23.0522 mV  std ratio 3.37%
[35/37] pair 6 rep 3 x=1.000 w=0.200 (8s) -> 9.9246 mV  std ratio 4.57%
[36/37] pair 6 rep 4 x=1.000 w=0.900 (8s) -> 45.3683 mV  std ratio 2.68%
[37/37] pair 6 rep 5 x=1.000 w=0.900 (8s) -> 44.8810 mV  std ratio 2.98%

Saved 185 rows to C:\Users\weishan\Desktop\RbONN\src\calib_data\run_0908_1444\calib_step6v2_meas_0908_1517.csv

=== pair 2 ===
Estimator: difference   D(w) = Y(1,w) - [a_w w + d] = eta^2 w + (a_x)
Fit window: w in [0.20, 0.90]  (4 levels)

  Level means  (sigma = hypot(max(rep_std, trace_std)/sqrt(n), 0.200 mV systematic floor)):
    block     x     w   n   mean(mV)  rep_std(mV)  trace_std(mV)  sigma(mV)
    dark     0.00  0.00   2    -0.0995      0.0051         0.0310     0.2012
    x-only   0.50  0.00   2    -0.0902      0.0087         0.0331     0.2014
    x-only   1.00  0.00   3    -0.0812      0.0087         0.0335     0.2009
    w-only   0.00  0.50   2    -0.0860      0.0118         0.0330     0.2014
    w-only   0.00  1.00   2    -0.0827      0.0040         0.0345     0.2015
    verify+  0.50  0.50   3     6.0399      0.0259         0.3309     0.2766
    cross    1.00  0.20   4     4.5654      0.0454         0.2897     0.2469
    verify+  1.00  0.25   3     5.8543      0.0219         0.3181     0.2715
    cross    1.00  0.45   4    10.6546      0.0241         0.4463     0.2997
    cross    1.00  0.70   4    16.4009      0.1048         0.6237     0.3705
    cross    1.00  0.90   6    20.8676      0.1271         0.7592     0.3689
    cross*   1.00  1.00   2    22.8399      0.1272         0.8082     0.6054
    (* excluded from the slope fit -- top-drive diagnostic; + verification only)
    repeat scatter exceeds trace noise on 0/12 repeated levels -- encoding repeatability is not dominant

  Background block (5 levels, 3 parameters -> 2 dof; used by steps 7/8, not by eta):
    a_x = 1.6564e-05 +/- 2.719e-04
    a_w = 1.7077e-05 +/- 2.723e-04
    d   = -9.8001e-02 +/- 1.701e-01 mV
    (q_x/q_w dropped -- FIT_Q = False; with two drive levels per arm
     they are not separable from a_x/a_w, which is what produced negative background terms)
      block     x     w   resid(mV)   pull
      dark     0.00  0.00    -0.0015  -0.01
      x-only   0.50  0.00    -0.0004  -0.00
      x-only   1.00  0.00     0.0002   0.00
      w-only   0.00  0.50     0.0035   0.02
      w-only   0.00  1.00    -0.0017  -0.01
      residual RMS = 0.0019 mV   max |pull| = 0.02   OK

  Difference fit (GLS, background covariance propagated):
    eta^2 = 2.3354e-02 +/- 6.433e-04
    eta   = 1.5282e-01 +/- 2.105e-03   (72.6 sigma)   over w in [0.20, 0.90]
    beta0 = 0.0703 +/- 0.3593 mV   [= a_x]
    R^2   = 0.9996
      w    D_meas(mV)   D_fit(mV)  resid(mV)   pull
     0.20      4.6600      4.7410    -0.0810  -0.29
     0.45     10.7449     10.5794     0.1655   0.52
     0.70     16.4869     16.4179     0.0690   0.18
     0.90     20.9502     21.0886    -0.1384  -0.34
    residual RMS = 0.1203 mV

  Checks:
    anchor      D(0) measured =   0.0183 +/- 0.2843 mV  vs beta0 =   0.0703 mV   pull = -0.11
    top-drive   D(1.00) measured =  22.9208 +/- 0.6326 mV  vs line =  23.4240 mV   -2.15%  (pull -0.68)

  Verification (checks on the model, not inputs to it):
    1. intercept identity   beta0 = eta^2*0 + (a_x)
       beta0       =    0.0703 +/- 0.3593 mV (cross line extrapolated to w=0)
       a_x         =    0.0166 +/- 0.2719 mV (x-only block)
       difference  =   +0.0537 +/- 0.4506 mV   pull = +0.12   OK
    2. product-only dependence   Y depends on (x, w) only via x*w
       x*w = 0.250   model expects eta^2*(x*w) = 5.8384 mV
         (1.00, 0.25) n=3  TPA residue =    5.9314 +/- 0.3396 mV
         (0.50, 0.50) n=3  TPA residue =    6.1211 +/- 0.3064 mV
         (1.0, 0.25) - (0.5, 0.5) = -0.1897 +/- 0.4037 mV  (-3.15%)  pull = -0.47   OK

=== pair 3 ===
Estimator: difference   D(w) = Y(1,w) - [a_w w + d] = eta^2 w + (a_x)
Fit window: w in [0.20, 0.90]  (4 levels)

  Level means  (sigma = hypot(max(rep_std, trace_std)/sqrt(n), 0.200 mV systematic floor)):
    block     x     w   n   mean(mV)  rep_std(mV)  trace_std(mV)  sigma(mV)
    dark     0.00  0.00   2    -0.0980      0.0002         0.0312     0.2012
    x-only   0.50  0.00   2    -0.0866      0.0007         0.0329     0.2013
    x-only   1.00  0.00   3    -0.0863      0.0020         0.0341     0.2010
    w-only   0.00  0.50   2    -0.0911      0.0051         0.0319     0.2013
    w-only   0.00  1.00   2    -0.0813      0.0058         0.0343     0.2015
    verify+  0.50  0.50   3     6.1937      0.0300         0.3260     0.2746
    cross    1.00  0.20   4     4.7400      0.0437         0.2962     0.2489
    verify+  1.00  0.25   3     6.0615      0.0223         0.3168     0.2710
    cross    1.00  0.45   4    10.9055      0.0574         0.4772     0.3113
    cross    1.00  0.70   4    16.7872      0.0962         0.6366     0.3759
    cross    1.00  0.90   6    21.3093      0.1996         0.7138     0.3535
    cross*   1.00  1.00   2    23.6228      0.3335         0.7607     0.5739
    (* excluded from the slope fit -- top-drive diagnostic; + verification only)
    repeat scatter exceeds trace noise on 0/12 repeated levels -- encoding repeatability is not dominant

  Background block (5 levels, 3 parameters -> 2 dof; used by steps 7/8, not by eta):
    a_x = 1.2509e-05 +/- 2.719e-04
    a_w = 1.4726e-05 +/- 2.723e-04
    d   = -9.6814e-02 +/- 1.701e-01 mV
    (q_x/q_w dropped -- FIT_Q = False; with two drive levels per arm
     they are not separable from a_x/a_w, which is what produced negative background terms)
      block     x     w   resid(mV)   pull
      dark     0.00  0.00    -0.0011  -0.01
      x-only   0.50  0.00     0.0039   0.02
      x-only   1.00  0.00    -0.0020  -0.01
      w-only   0.00  0.50    -0.0017  -0.01
      w-only   0.00  1.00     0.0008   0.00
      residual RMS = 0.0022 mV   max |pull| = 0.02   OK

  Difference fit (GLS, background covariance propagated):
    eta^2 = 2.3736e-02 +/- 6.358e-04
    eta   = 1.5407e-01 +/- 2.063e-03   (74.7 sigma)   over w in [0.20, 0.90]
    beta0 = 0.1615 +/- 0.3602 mV   [= a_x]
    R^2   = 0.9996
      w    D_meas(mV)   D_fit(mV)  resid(mV)   pull
     0.20      4.8339      4.9087    -0.0749  -0.26
     0.45     10.9957     10.8429     0.1528   0.46
     0.70     16.8737     16.7770     0.0967   0.24
     0.90     21.3928     21.5243    -0.1314  -0.34
    residual RMS = 0.1179 mV

  Checks:
    anchor      D(0) measured =   0.0117 +/- 0.2844 mV  vs beta0 =   0.1615 mV   pull = -0.33
    top-drive   D(1.00) measured =  23.7049 +/- 0.6025 mV  vs line =  23.8979 mV   -0.81%  (pull -0.27)

  Verification (checks on the model, not inputs to it):
    1. intercept identity   beta0 = eta^2*0 + (a_x)
       beta0       =    0.1615 +/- 0.3602 mV (cross line extrapolated to w=0)
       a_x         =    0.0125 +/- 0.2719 mV (x-only block)
       difference  =   +0.1490 +/- 0.4513 mV   pull = +0.33   OK
    2. product-only dependence   Y depends on (x, w) only via x*w
       x*w = 0.250   model expects eta^2*(x*w) = 5.9341 mV
         (1.00, 0.25) n=3  TPA residue =    6.1421 +/- 0.3392 mV
         (0.50, 0.50) n=3  TPA residue =    6.2769 +/- 0.3046 mV
         (1.0, 0.25) - (0.5, 0.5) = -0.1348 +/- 0.4020 mV  (-2.17%)  pull = -0.34   OK

=== pair 4 ===
Estimator: difference   D(w) = Y(1,w) - [a_w w + d] = eta^2 w + (a_x)
Fit window: w in [0.20, 0.90]  (4 levels)

  Level means  (sigma = hypot(max(rep_std, trace_std)/sqrt(n), 0.200 mV systematic floor)):
    block     x     w   n   mean(mV)  rep_std(mV)  trace_std(mV)  sigma(mV)
    dark     0.00  0.00   2    -0.1070      0.0009         0.0291     0.2011
    x-only   0.50  0.00   2    -0.0864      0.0017         0.0339     0.2014
    x-only   1.00  0.00   3    -0.0860      0.0056         0.0346     0.2010
    w-only   0.00  0.50   2    -0.0948      0.0068         0.0321     0.2013
    w-only   0.00  1.00   2    -0.0748      0.0066         0.0344     0.2015
    verify+  0.50  0.50   3     7.1362      0.0393         0.3590     0.2880
    cross    1.00  0.20   4     5.4419      0.0433         0.3100     0.2530
    verify+  1.00  0.25   3     6.8668      0.0374         0.3522     0.2852
    cross    1.00  0.45   4    12.5887      0.1675         0.5413     0.3365
    cross    1.00  0.70   4    19.2576      0.1429         0.6732     0.3915
    cross    1.00  0.90   6    24.8377      0.1982         0.8017     0.3836
    cross*   1.00  1.00   2    27.0574      0.0384         0.7995     0.5997
    (* excluded from the slope fit -- top-drive diagnostic; + verification only)
    repeat scatter exceeds trace noise on 0/12 repeated levels -- encoding repeatability is not dominant

  Background block (5 levels, 3 parameters -> 2 dof; used by steps 7/8, not by eta):
    a_x = 2.2861e-05 +/- 2.719e-04
    a_w = 2.8443e-05 +/- 2.722e-04
    d   = -1.0518e-01 +/- 1.700e-01 mV
    (q_x/q_w dropped -- FIT_Q = False; with two drive levels per arm
     they are not separable from a_x/a_w, which is what produced negative background terms)
      block     x     w   resid(mV)   pull
      dark     0.00  0.00    -0.0018  -0.01
      x-only   0.50  0.00     0.0074   0.04
      x-only   1.00  0.00    -0.0037  -0.02
      w-only   0.00  0.50    -0.0038  -0.02
      w-only   0.00  1.00     0.0019   0.01
      residual RMS = 0.0042 mV   max |pull| = 0.04   OK

  Difference fit (GLS, background covariance propagated):
    eta^2 = 2.7644e-02 +/- 6.622e-04
    eta   = 1.6627e-01 +/- 1.991e-03   (83.5 sigma)   over w in [0.20, 0.90]
    beta0 = 0.0669 +/- 0.3690 mV   [= a_x]
    R^2   = 0.9998
      w    D_meas(mV)   D_fit(mV)  resid(mV)   pull
     0.20      5.5414      5.5958    -0.0544  -0.19
     0.45     12.6811     12.5068     0.1743   0.49
     0.70     19.3429     19.4179    -0.0750  -0.18
     0.90     24.9173     24.9467    -0.0294  -0.07
    residual RMS = 0.0998 mV

  Checks:
    anchor      D(0) measured =   0.0210 +/- 0.2843 mV  vs beta0 =   0.0669 mV   pull = -0.10
    top-drive   D(1.00) measured =  27.1342 +/- 0.6271 mV  vs line =  27.7111 mV   -2.08%  (pull -0.77)

  Verification (checks on the model, not inputs to it):
    1. intercept identity   beta0 = eta^2*0 + (a_x)
       beta0       =    0.0669 +/- 0.3690 mV (cross line extrapolated to w=0)
       a_x         =    0.0229 +/- 0.2719 mV (x-only block)
       difference  =   +0.0441 +/- 0.4583 mV   pull = +0.10   OK
    2. product-only dependence   Y depends on (x, w) only via x*w
       x*w = 0.250   model expects eta^2*(x*w) = 6.9111 mV
         (1.00, 0.25) n=3  TPA residue =    6.9420 +/- 0.3506 mV
         (0.50, 0.50) n=3  TPA residue =    7.2157 +/- 0.3167 mV
         (1.0, 0.25) - (0.5, 0.5) = -0.2738 +/- 0.4208 mV  (-3.87%)  pull = -0.65   OK

=== pair 5 ===
Estimator: difference   D(w) = Y(1,w) - [a_w w + d] = eta^2 w + (a_x)
Fit window: w in [0.20, 0.90]  (4 levels)

  Level means  (sigma = hypot(max(rep_std, trace_std)/sqrt(n), 0.200 mV systematic floor)):
    block     x     w   n   mean(mV)  rep_std(mV)  trace_std(mV)  sigma(mV)
    dark     0.00  0.00   2    -0.1072      0.0043         0.0298     0.2011
    x-only   0.50  0.00   2    -0.1083      0.0057         0.0326     0.2013
    x-only   1.00  0.00   3    -0.0952      0.0108         0.0332     0.2009
    w-only   0.00  0.50   2    -0.1023      0.0058         0.0351     0.2015
    w-only   0.00  1.00   2    -0.0882      0.0056         0.0340     0.2014
    verify+  0.50  0.50   3     9.0207      0.0661         0.4069     0.3085
    cross    1.00  0.20   4     6.9211      0.0304         0.3574     0.2682
    verify+  1.00  0.25   3     8.8242      0.0082         0.4230     0.3157
    cross    1.00  0.45   4    16.0078      0.1515         0.6007     0.3608
    cross    1.00  0.70   4    24.7334      0.0898         0.7857     0.4409
    cross    1.00  0.90   6    31.5317      0.1310         0.9738     0.4450
    cross*   1.00  1.00   2    34.8948      0.2915         0.9492     0.7003
    (* excluded from the slope fit -- top-drive diagnostic; + verification only)
    repeat scatter exceeds trace noise on 0/12 repeated levels -- encoding repeatability is not dominant

  Background block (5 levels, 3 parameters -> 2 dof; used by steps 7/8, not by eta):
    a_x = 1.3160e-05 +/- 2.719e-04
    a_w = 2.1181e-05 +/- 2.722e-04
    d   = -1.1055e-01 +/- 1.700e-01 mV
    (q_x/q_w dropped -- FIT_Q = False; with two drive levels per arm
     they are not separable from a_x/a_w, which is what produced negative background terms)
      block     x     w   resid(mV)   pull
      dark     0.00  0.00     0.0033   0.02
      x-only   0.50  0.00    -0.0043  -0.02
      x-only   1.00  0.00     0.0022   0.01
      w-only   0.00  0.50    -0.0023  -0.01
      w-only   0.00  1.00     0.0012   0.01
      residual RMS = 0.0029 mV   max |pull| = 0.02   OK

  Difference fit (GLS, background covariance propagated):
    eta^2 = 3.5268e-02 +/- 7.253e-04
    eta   = 1.8780e-01 +/- 1.931e-03   (97.3 sigma)   over w in [0.20, 0.90]
    beta0 = 0.0501 +/- 0.3911 mV   [= a_x]
    R^2   = 0.9998
      w    D_meas(mV)   D_fit(mV)  resid(mV)   pull
     0.20      7.0274      7.1038    -0.0764  -0.25
     0.45     16.1088     15.9209     0.1879   0.50
     0.70     24.8291     24.7380     0.0911   0.20
     0.90     31.6232     31.7917    -0.1684  -0.36
    residual RMS = 0.1395 mV

  Checks:
    anchor      D(0) measured =   0.0120 +/- 0.2843 mV  vs beta0 =   0.0501 mV   pull = -0.08
    top-drive   D(1.00) measured =  34.9842 +/- 0.7239 mV  vs line =  35.3185 mV   -0.95%  (pull -0.39)

  Verification (checks on the model, not inputs to it):
    1. intercept identity   beta0 = eta^2*0 + (a_x)
       beta0       =    0.0501 +/- 0.3911 mV (cross line extrapolated to w=0)
       a_x         =    0.0132 +/- 0.2719 mV (x-only block)
       difference  =   +0.0369 +/- 0.4763 mV   pull = +0.08   OK
    2. product-only dependence   Y depends on (x, w) only via x*w
       x*w = 0.250   model expects eta^2*(x*w) = 8.8171 mV
         (1.00, 0.25) n=3  TPA residue =    8.9163 +/- 0.3758 mV
         (0.50, 0.50) n=3  TPA residue =    9.1141 +/- 0.3355 mV
         (1.0, 0.25) - (0.5, 0.5) = -0.1977 +/- 0.4556 mV  (-2.19%)  pull = -0.43   OK

=== pair 6 ===
Estimator: difference   D(w) = Y(1,w) - [a_w w + d] = eta^2 w + (a_x)
Fit window: w in [0.20, 0.90]  (4 levels)

  Level means  (sigma = hypot(max(rep_std, trace_std)/sqrt(n), 0.200 mV systematic floor)):
    block     x     w   n   mean(mV)  rep_std(mV)  trace_std(mV)  sigma(mV)
    dark     0.00  0.00   2    -0.0919      0.0040         0.0312     0.2012
    x-only   0.50  0.00   2    -0.0965      0.0019         0.0338     0.2014
    x-only   1.00  0.00   3    -0.0772      0.0047         0.0377     0.2012
    w-only   0.00  0.50   2    -0.0767      0.0013         0.0386     0.2019
    w-only   0.00  1.00   2    -0.0422      0.0206         0.0466     0.2027
    verify+  0.50  0.50   3    13.2609      0.0809         0.5223     0.3618
    cross    1.00  0.20   4     9.9746      0.0568         0.4458     0.2995
    verify+  1.00  0.25   3    12.5650      0.0632         0.5201     0.3608
    cross    1.00  0.45   4    23.0799      0.0230         0.7643     0.4313
    cross    1.00  0.70   4    35.3652      0.1689         1.1693     0.6179
    cross    1.00  0.90   6    45.1337      0.1923         1.2319     0.5412
    cross*   1.00  1.00   2    50.3564      0.0040         1.2354     0.8961
    (* excluded from the slope fit -- top-drive diagnostic; + verification only)
    repeat scatter exceeds trace noise on 0/12 repeated levels -- encoding repeatability is not dominant

  Background block (5 levels, 3 parameters -> 2 dof; used by steps 7/8, not by eta):
    a_x = 1.7353e-05 +/- 2.722e-04
    a_w = 5.3242e-05 +/- 2.731e-04
    d   = -9.8066e-02 +/- 1.702e-01 mV
    (q_x/q_w dropped -- FIT_Q = False; with two drive levels per arm
     they are not separable from a_x/a_w, which is what produced negative background terms)
      block     x     w   resid(mV)   pull
      dark     0.00  0.00     0.0061   0.03
      x-only   0.50  0.00    -0.0071  -0.04
      x-only   1.00  0.00     0.0035   0.02
      w-only   0.00  0.50    -0.0052  -0.03
      w-only   0.00  1.00     0.0026   0.01
      residual RMS = 0.0052 mV   max |pull| = 0.04   OK

  Difference fit (GLS, background covariance propagated):
    eta^2 = 5.0355e-02 +/- 8.518e-04
    eta   = 2.2440e-01 +/- 1.898e-03   (118.2 sigma)   over w in [0.20, 0.90]
    beta0 = 0.1133 +/- 0.4360 mV   [= a_x]
    R^2   = 0.9997
      w    D_meas(mV)   D_fit(mV)  resid(mV)   pull
     0.20     10.0620     10.1844    -0.1223  -0.37
     0.45     23.1540     22.7732     0.3809   0.85
     0.70     35.4260     35.3620     0.0640   0.10
     0.90     45.1838     45.4331    -0.2493  -0.44
    residual RMS = 0.2378 mV

  Checks:
    anchor      D(0) measured =   0.0148 +/- 0.2845 mV  vs beta0 =   0.1133 mV   pull = -0.19
    top-drive   D(1.00) measured =  50.4012 +/- 0.9149 mV  vs line =  50.4686 mV   -0.13%  (pull -0.06)

  Verification (checks on the model, not inputs to it):
    1. intercept identity   beta0 = eta^2*0 + (a_x)
       beta0       =    0.1133 +/- 0.4360 mV (cross line extrapolated to w=0)
       a_x         =    0.0174 +/- 0.2722 mV (x-only block)
       difference  =   +0.0959 +/- 0.5140 mV   pull = +0.19   OK
    2. product-only dependence   Y depends on (x, w) only via x*w
       x*w = 0.250   model expects eta^2*(x*w) = 12.5888 mV
         (1.00, 0.25) n=3  TPA residue =   12.6324 +/- 0.4146 mV
         (0.50, 0.50) n=3  TPA residue =   13.3237 +/- 0.3852 mV
         (1.0, 0.25) - (0.5, 0.5) = -0.6913 +/- 0.5233 mV  (-5.33%)  pull = -1.32   OK

Saved Step-3 calib + Step-6 v2 fits -> C:\Users\weishan\Desktop\RbONN\src\calib_data\run_0908_1444\calib_step6v2_result_0908_1517.json
Plot saved to C:\Users\weishan\Desktop\RbONN\src\calib_data\run_0908_1444\calib_step6v2_pair2_0908_1517.png
Plot saved to C:\Users\weishan\Desktop\RbONN\src\calib_data\run_0908_1444\calib_step6v2_pair3_0908_1517.png
Plot saved to C:\Users\weishan\Desktop\RbONN\src\calib_data\run_0908_1444\calib_step6v2_pair4_0908_1517.png
Plot saved to C:\Users\weishan\Desktop\RbONN\src\calib_data\run_0908_1444\calib_step6v2_pair5_0908_1517.png
Plot saved to C:\Users\weishan\Desktop\RbONN\src\calib_data\run_0908_1444\calib_step6v2_pair6_0908_1517.png

-- step 6 finished in 32.7 min
-- step 6 result: src/calib_data/run_0908_1444/calib_step6v2_result_0908_1517.json

======================================================================
== STEP 7  (calib_step7_v2)
==   in   : src/calib_data/run_0908_1444/calib_step6v2_result_0908_1517.json
==   out  : src/calib_data/run_0908_1444
==   pairs: [2, 3, 4, 5, 6]   ref: 2
======================================================================
  display 1: 1920x1080 (EM2FPAB24B,ELE,0001,8011730240001)
  display 2: 1920x1200 (LCOS-SLM,SOC,8001,2018021001)
SLM: connected on display 2 (1920x1200)
SLM: DVI mode set (USB device 1)
DAQ: Dev1 (USB-6251 (BNC)) ai0 @ 1000 S/s, +/-0.2 V, low-pass 20 Hz -- T_both 10 s, T_single 10 s

=== Sweep: pair 2 vs reference 2  (x2=w2=0.9, sweep x2=w2 over [0.1, 0.188889, 0.277778, 0.366667, 0.455556, 0.544444, 0.633333, 0.722222, 0.811111, 0.9]) ===
[1/11] pair 2 dark (all off, 10s) = -0.0737 mV
[2/11] pair 2 x=w=0.100 (10s) -> 18.8587 mV std ratio 3.49%
[3/11] pair 2 x=w=0.189 (10s) -> 18.8322 mV std ratio 3.43%
[4/11] pair 2 x=w=0.278 (10s) -> 18.8154 mV std ratio 3.40%
[5/11] pair 2 x=w=0.367 (10s) -> 18.8259 mV std ratio 3.80%
[6/11] pair 2 x=w=0.456 (10s) -> 18.8266 mV std ratio 3.69%
[7/11] pair 2 x=w=0.544 (10s) -> 18.9218 mV std ratio 3.51%
[8/11] pair 2 x=w=0.633 (10s) -> 19.0086 mV std ratio 3.59%
[9/11] pair 2 x=w=0.722 (10s) -> 18.8520 mV std ratio 3.48%
[10/11] pair 2 x=w=0.811 (10s) -> 18.8869 mV std ratio 3.82%
[11/11] pair 2 x=w=0.900 (10s) -> 18.6548 mV std ratio 3.79%

=== Sweep: pair 3 vs reference 2  (x2=w2=0.9, sweep x3=w3 over [0.1, 0.188889, 0.277778, 0.366667, 0.455556, 0.544444, 0.633333, 0.722222, 0.811111, 0.9]) ===
[1/11] pair 3 dark (all off, 10s) = -0.0796 mV
[2/11] pair 3 x=w=0.100 (10s) -> 16.1351 mV std ratio 3.76%
[3/11] pair 3 x=w=0.189 (10s) -> 15.6729 mV std ratio 3.72%
[4/11] pair 3 x=w=0.278 (10s) -> 17.1544 mV std ratio 3.46%
[5/11] pair 3 x=w=0.367 (10s) -> 20.3232 mV std ratio 3.40%
[6/11] pair 3 x=w=0.456 (10s) -> 25.3791 mV std ratio 3.34%
[7/11] pair 3 x=w=0.544 (10s) -> 32.1629 mV std ratio 2.76%
[8/11] pair 3 x=w=0.633 (10s) -> 40.1951 mV std ratio 3.01%
[9/11] pair 3 x=w=0.722 (10s) -> 49.7643 mV std ratio 2.71%
[10/11] pair 3 x=w=0.811 (10s) -> 61.4253 mV std ratio 2.63%
[11/11] pair 3 x=w=0.900 (10s) -> 73.7455 mV std ratio 2.75%

=== Sweep: pair 4 vs reference 2  (x2=w2=0.9, sweep x4=w4 over [0.1, 0.188889, 0.277778, 0.366667, 0.455556, 0.544444, 0.633333, 0.722222, 0.811111, 0.9]) ===
[1/11] pair 4 dark (all off, 10s) = -0.0900 mV
[2/11] pair 4 x=w=0.100 (10s) -> 14.3645 mV std ratio 3.88%
[3/11] pair 4 x=w=0.189 (10s) -> 11.2916 mV std ratio 3.90%
[4/11] pair 4 x=w=0.278 (10s) -> 9.1140 mV std ratio 4.41%
[5/11] pair 4 x=w=0.367 (10s) -> 8.2001 mV std ratio 4.82%
[6/11] pair 4 x=w=0.456 (10s) -> 9.0968 mV std ratio 5.06%
[7/11] pair 4 x=w=0.544 (10s) -> 11.9280 mV std ratio 4.74%
[8/11] pair 4 x=w=0.633 (10s) -> 16.6157 mV std ratio 3.76%
[9/11] pair 4 x=w=0.722 (10s) -> 24.0949 mV std ratio 3.73%
[10/11] pair 4 x=w=0.811 (10s) -> 34.1827 mV std ratio 3.16%
[11/11] pair 4 x=w=0.900 (10s) -> 48.3319 mV std ratio 2.84%

=== Sweep: pair 5 vs reference 2  (x2=w2=0.9, sweep x5=w5 over [0.1, 0.188889, 0.277778, 0.366667, 0.455556, 0.544444, 0.633333, 0.722222, 0.811111, 0.9]) ===
[1/11] pair 5 dark (all off, 10s) = -0.0871 mV
[2/11] pair 5 x=w=0.100 (10s) -> 17.1484 mV std ratio 3.68%
[3/11] pair 5 x=w=0.189 (10s) -> 14.4739 mV std ratio 3.75%
[4/11] pair 5 x=w=0.278 (10s) -> 11.0194 mV std ratio 4.11%
[5/11] pair 5 x=w=0.367 (10s) -> 7.4813 mV std ratio 4.81%
[6/11] pair 5 x=w=0.456 (10s) -> 4.1196 mV std ratio 6.56%
[7/11] pair 5 x=w=0.544 (10s) -> 1.6228 mV std ratio 11.31%
[8/11] pair 5 x=w=0.633 (10s) -> 0.2477 mV std ratio 27.85%
[9/11] pair 5 x=w=0.722 (10s) -> 0.5583 mV std ratio 31.12%
[10/11] pair 5 x=w=0.811 (10s) -> 3.1742 mV std ratio 8.74%
[11/11] pair 5 x=w=0.900 (10s) -> 9.8339 mV std ratio 5.03%

=== Sweep: pair 6 vs reference 2  (x2=w2=0.9, sweep x6=w6 over [0.1, 0.188889, 0.277778, 0.366667, 0.455556, 0.544444, 0.633333, 0.722222, 0.811111, 0.9]) ===
[1/11] pair 6 dark (all off, 10s) = -0.0823 mV
[2/11] pair 6 x=w=0.100 (10s) -> 25.2080 mV std ratio 3.14%
[3/11] pair 6 x=w=0.189 (10s) -> 29.0633 mV std ratio 2.91%
[4/11] pair 6 x=w=0.278 (10s) -> 32.3977 mV std ratio 3.32%
[5/11] pair 6 x=w=0.367 (10s) -> 34.5763 mV std ratio 3.18%
[6/11] pair 6 x=w=0.456 (10s) -> 35.4174 mV std ratio 2.61%
[7/11] pair 6 x=w=0.544 (10s) -> 34.9120 mV std ratio 4.05%
[8/11] pair 6 x=w=0.633 (10s) -> 33.5304 mV std ratio 3.35%
[9/11] pair 6 x=w=0.722 (10s) -> 30.7789 mV std ratio 3.02%
[10/11] pair 6 x=w=0.811 (10s) -> 26.5328 mV std ratio 3.51%
[11/11] pair 6 x=w=0.900 (10s) -> 20.6203 mV std ratio 4.68%

CSV (ref 2, targets [2, 3, 4, 5, 6]) written to C:\Users\weishan\Desktop\RbONN\src\calib_data\run_0908_1444\calib_step7_meas_0908_1528.csv
Step 6: eta[ref 2] = 0.1528 ; eta[2]=0.1528 eta[3]=0.1541 eta[4]=0.1663 eta[5]=0.1878 eta[6]=0.2244
Fitting pair(s) [3, 4, 5, 6] vs reference 2 from C:\Users\weishan\Desktop\RbONN\src\calib_data\run_0908_1444\calib_step7_meas_0908_1528.csv (one free parameter: dPhi_comb)

=== Re-fit: pair 3 vs reference 2 ===
Loaded 10 rows, dark = -0.0796 mV
Model:  Y = a^2 + b^2 sin^4(theta/2) + 2ab sin^2(theta/2) cos(dPhi_comb + pi - theta) + step6 single-beam
            [both target channels swept together; theta the shared panel phase]
            a = eta_ref*sqrt(x_r w_r), b = eta_tgt, background and dark ALL fixed from step 6
            -> dPhi_comb is the ONLY free parameter
Pair 3 vs reference 2  (value +/- error):
  dPhi_comb = +0.4656 +/- 0.0410 rad   ( +26.68 +/- 2.35 deg )
     of which fringe noise 1.045 deg, step-6 eta 2.103 deg   [d(dPhi)/d(eta): ref +16.41, tgt +6.01 rad per unit eta]
  a (ref arm)      = 137.5374 mV^0.5   (pinned: eta_ref 152.8193 x g_ref 0.9)
  b (tgt eta CxCw) = 154.0663 mV^0.5   (pinned to step-6 eta)
  fringe amp 2ab   = 42.3798 mV   (pinned)
  mean residual    = +0.2166 mV   (NOT fitted -- should be ~0 if step 6 is right)
  max |pull|       = 0.63   [pull = residual / std_total]
     std_total     = 0.8905 (measurement) (+) 0.6144 (step-6 eta) mV, median over points   -> 1.0822 mV
  max |pull| on std alone = 0.76   (measurement only -- overstates, the eta error is not in it; std includes the 0.200 mV systematic floor)
  R^2 = 0.9990
Plot saved to C:\Users\weishan\Desktop\RbONN\src\calib_data\run_0908_1444\calib_step7_v2_pair3_refit.png

=== Re-fit: pair 4 vs reference 2 ===
Loaded 10 rows, dark = -0.0900 mV
Model:  Y = a^2 + b^2 sin^4(theta/2) + 2ab sin^2(theta/2) cos(dPhi_comb + pi - theta) + step6 single-beam
            [both target channels swept together; theta the shared panel phase]
            a = eta_ref*sqrt(x_r w_r), b = eta_tgt, background and dark ALL fixed from step 6
            -> dPhi_comb is the ONLY free parameter
Pair 4 vs reference 2  (value +/- error):
  dPhi_comb = +1.3926 +/- 0.0214 rad   ( +79.79 +/- 1.22 deg )
     of which fringe noise 0.682 deg, step-6 eta 1.015 deg   [d(dPhi)/d(eta): ref +8.13, tgt +2.31 rad per unit eta]
  a (ref arm)      = 137.5374 mV^0.5   (pinned: eta_ref 152.8193 x g_ref 0.9)
  b (tgt eta CxCw) = 166.2655 mV^0.5   (pinned to step-6 eta)
  fringe amp 2ab   = 45.7354 mV   (pinned)
  mean residual    = -0.0385 mV   (NOT fitted -- should be ~0 if step 6 is right)
  max |pull|       = 0.30   [pull = residual / std_total]
     std_total     = 0.5959 (measurement) (+) 0.3900 (step-6 eta) mV, median over points   -> 0.7103 mV
  max |pull| on std alone = 0.38   (measurement only -- overstates, the eta error is not in it; std includes the 0.200 mV systematic floor)
  R^2 = 0.9999
Plot saved to C:\Users\weishan\Desktop\RbONN\src\calib_data\run_0908_1444\calib_step7_v2_pair4_refit.png

=== Re-fit: pair 5 vs reference 2 ===
Loaded 10 rows, dark = -0.0871 mV
Model:  Y = a^2 + b^2 sin^4(theta/2) + 2ab sin^2(theta/2) cos(dPhi_comb + pi - theta) + step6 single-beam
            [both target channels swept together; theta the shared panel phase]
            a = eta_ref*sqrt(x_r w_r), b = eta_tgt, background and dark ALL fixed from step 6
            -> dPhi_comb is the ONLY free parameter
Pair 5 vs reference 2  (value +/- error):
  dPhi_comb = +2.5022 +/- 0.0164 rad   ( +143.36 +/- 0.94 deg )
     of which fringe noise 0.653 deg, step-6 eta 0.678 deg   [d(dPhi)/d(eta): ref -4.75, tgt +3.27 rad per unit eta]
  a (ref arm)      = 137.5374 mV^0.5   (pinned: eta_ref 152.8193 x g_ref 0.9)
  b (tgt eta CxCw) = 187.7988 mV^0.5   (pinned to step-6 eta)
  fringe amp 2ab   = 51.6587 mV   (pinned)
  mean residual    = -0.1185 mV   (NOT fitted -- should be ~0 if step 6 is right)
  max |pull|       = 0.55   [pull = residual / std_total]
     std_total     = 0.3768 (measurement) (+) 0.2180 (step-6 eta) mV, median over points   -> 0.4610 mV
  max |pull| on std alone = 0.59   (measurement only -- overstates, the eta error is not in it; std includes the 0.200 mV systematic floor)
  R^2 = 0.9992
Plot saved to C:\Users\weishan\Desktop\RbONN\src\calib_data\run_0908_1444\calib_step7_v2_pair5_refit.png

=== Re-fit: pair 6 vs reference 2 ===
Loaded 10 rows, dark = -0.0823 mV
Model:  Y = a^2 + b^2 sin^4(theta/2) + 2ab sin^2(theta/2) cos(dPhi_comb + pi - theta) + step6 single-beam
            [both target channels swept together; theta the shared panel phase]
            a = eta_ref*sqrt(x_r w_r), b = eta_tgt, background and dark ALL fixed from step 6
            -> dPhi_comb is the ONLY free parameter
Pair 6 vs reference 2  (value +/- error):
  dPhi_comb = -2.3637 +/- 0.0171 rad   ( -135.43 +/- 0.98 deg )
     of which fringe noise 0.613 deg, step-6 eta 0.762 deg   [d(dPhi)/d(eta): ref -4.95, tgt -4.35 rad per unit eta]
  a (ref arm)      = 137.5374 mV^0.5   (pinned: eta_ref 152.8193 x g_ref 0.9)
  b (tgt eta CxCw) = 224.3999 mV^0.5   (pinned to step-6 eta)
  fringe amp 2ab   = 61.7268 mV   (pinned)
  mean residual    = +0.0023 mV   (NOT fitted -- should be ~0 if step 6 is right)
  max |pull|       = 0.46   [pull = residual / std_total]
     std_total     = 0.9701 (measurement) (+) 0.6007 (step-6 eta) mV, median over points   -> 1.1149 mV
  max |pull| on std alone = 0.54   (measurement only -- overstates, the eta error is not in it; std includes the 0.200 mV systematic floor)
  R^2 = 0.9965
Plot saved to C:\Users\weishan\Desktop\RbONN\src\calib_data\run_0908_1444\calib_step7_v2_pair6_refit.png

Combined step-7 result (step3 + step6 + step7) saved to C:\Users\weishan\Desktop\RbONN\src\calib_data\run_0908_1444\calib_step7_result_0908_1528.json

-- step 7 finished in 11.0 min
-- step 7 result: src/calib_data/run_0908_1444/calib_step7_result_0908_1528.json

======================================================================
== STEP 8  (calib_step8_v2)
==   in   : src/calib_data/run_0908_1444/calib_step7_result_0908_1528.json
==   out  : src/calib_data/run_0908_1444
==   pairs: [2, 3, 4, 5, 6]
======================================================================
Step 7 [auto -> fixed_comb_only] vs ref 2:  Phi[2] =   +0.00 deg  Phi[3] =  -26.68 deg  Phi[4] =  -79.79 deg  Phi[5] = -143.36 deg  Phi[6] = +135.43 deg
Step 6:  eta[2] = 0.1528  eta[3] = 0.1541  eta[4] = 0.1663  eta[5] = 0.1878  eta[6] = 0.2244
Blocks: 5 one-pair + 10 two-pair, 6 levels in [0.1, 0.9] (x = w) -> 90 points + 1 dark
  display 1: 1920x1080 (EM2FPAB24B,ELE,0001,8011730240001)
  display 2: 1920x1200 (LCOS-SLM,SOC,8001,2018021001)
SLM: connected on display 2 (1920x1200)
SLM: DVI mode set (USB device 1)
DAQ: Dev1 (USB-6251 (BNC)) ai0 @ 1000 S/s, +/-0.1 V, low-pass 20 Hz -- T_both 3 s, T_single 5 s
[0/90] dark (all off, 5s) = -0.0810 mV

--- Block 0: pair 2 ---
[1/90] v=0.100 -> 0.2604 mV  (pred 0.2369, diff +0.0235)
[2/90] v=0.260 -> 1.5859 mV  (pred 1.5875, diff -0.0016)
[3/90] v=0.420 -> 4.3545 mV  (pred 4.1337, diff +0.2208)
[4/90] v=0.580 -> 8.1866 mV  (pred 7.8757, diff +0.3109)
[5/90] v=0.740 -> 13.2553 mV  (pred 12.8134, diff +0.4419)
[6/90] v=0.900 -> 19.0438 mV  (pred 18.9468, diff +0.0970)

--- Block 1: pair 3 ---
[7/90] v=0.100 -> 0.2685 mV  (pred 0.2401, diff +0.0284)
[8/90] v=0.260 -> 1.6802 mV  (pred 1.6117, diff +0.0685)
[9/90] v=0.420 -> 4.4650 mV  (pred 4.1985, diff +0.2665)
[10/90] v=0.580 -> 8.4989 mV  (pred 8.0007, diff +0.4982)
[11/90] v=0.740 -> 13.2621 mV  (pred 13.0182, diff +0.2439)
[12/90] v=0.900 -> 19.5722 mV  (pred 19.2510, diff +0.3212)

--- Block 2: pair 4 ---
[13/90] v=0.100 -> 0.3081 mV  (pred 0.2816, diff +0.0265)
[14/90] v=0.260 -> 1.8972 mV  (pred 1.8821, diff +0.0151)
[15/90] v=0.420 -> 5.0759 mV  (pred 4.8980, diff +0.1779)
[16/90] v=0.580 -> 9.6545 mV  (pred 9.3293, diff +0.3252)
[17/90] v=0.740 -> 15.4268 mV  (pred 15.1759, diff +0.2509)
[18/90] v=0.900 -> 22.0892 mV  (pred 22.4380, diff -0.3488)

--- Block 3: pair 5 ---
[19/90] v=0.100 -> 0.3870 mV  (pred 0.3561, diff +0.0308)
[20/90] v=0.260 -> 2.4409 mV  (pred 2.3931, diff +0.0478)
[21/90] v=0.420 -> 6.4731 mV  (pred 6.2358, diff +0.2374)
[22/90] v=0.580 -> 12.2610 mV  (pred 11.8842, diff +0.3768)
[23/90] v=0.740 -> 19.9479 mV  (pred 19.3384, diff +0.6095)
[24/90] v=0.900 -> 28.6594 mV  (pred 28.5983, diff +0.0611)

--- Block 4: pair 6 ---
[25/90] v=0.100 -> 0.6023 mV  (pred 0.5106, diff +0.0917)
[26/90] v=0.260 -> 3.5841 mV  (pred 3.4224, diff +0.1617)
[27/90] v=0.420 -> 9.4736 mV  (pred 8.9123, diff +0.5612)
[28/90] v=0.580 -> 18.0145 mV  (pred 16.9805, diff +1.0340)
[29/90] v=0.740 -> 28.4281 mV  (pred 27.6268, diff +0.8013)
[30/90] v=0.900 -> 41.9147 mV  (pred 40.8513, diff +1.0634)

--- Block 5: pairs 2+3 ---
[31/90] v=0.100 -> 1.0801 mV  (pred 0.8978, diff +0.1823)
[32/90] v=0.260 -> 6.3452 mV  (pred 6.0435, diff +0.3017)
[33/90] v=0.420 -> 16.7386 mV  (pred 15.7546, diff +0.9840)
[34/90] v=0.580 -> 31.3575 mV  (pred 30.0310, diff +1.3265)
[35/90] v=0.740 -> 50.7957 mV  (pred 48.8728, diff +1.9229)
[36/90] v=0.900 -> 74.6089 mV  (pred 72.2799, diff +2.3290)

--- Block 6: pairs 2+4 ---
[37/90] v=0.100 -> 0.6969 mV  (pred 0.6085, diff +0.0884)
[38/90] v=0.260 -> 4.0118 mV  (pred 4.0783, diff -0.0665)
[39/90] v=0.420 -> 10.8305 mV  (pred 10.6203, diff +0.2102)
[40/90] v=0.580 -> 20.8038 mV  (pred 20.2345, diff +0.5694)
[41/90] v=0.740 -> 33.4001 mV  (pred 32.9208, diff +0.4793)
[42/90] v=0.900 -> 47.3208 mV  (pred 48.6793, diff -1.3586)

--- Block 7: pairs 2+5 ---
[43/90] v=0.100 -> 0.1130 mV  (pred 0.1324, diff -0.0194)
[44/90] v=0.260 -> 0.8288 mV  (pred 0.8669, diff -0.0382)
[45/90] v=0.420 -> 2.2271 mV  (pred 2.2447, diff -0.0176)
[46/90] v=0.580 -> 4.4683 mV  (pred 4.2657, diff +0.2026)
[47/90] v=0.740 -> 6.7075 mV  (pred 6.9299, diff -0.2224)
[48/90] v=0.900 -> 10.0991 mV  (pred 10.2374, diff -0.1383)

--- Block 8: pairs 2+6 ---
[49/90] v=0.100 -> 0.3016 mV  (pred 0.2589, diff +0.0427)
[50/90] v=0.260 -> 1.7875 mV  (pred 1.7069, diff +0.0807)
[51/90] v=0.420 -> 4.7411 mV  (pred 4.4271, diff +0.3140)
[52/90] v=0.580 -> 8.9142 mV  (pred 8.4195, diff +0.4947)
[53/90] v=0.740 -> 14.1685 mV  (pred 13.6842, diff +0.4842)
[54/90] v=0.900 -> 20.6844 mV  (pred 20.2212, diff +0.4633)

--- Block 9: pairs 3+4 ---
[55/90] v=0.100 -> 1.0425 mV  (pred 0.8291, diff +0.2134)
[56/90] v=0.260 -> 6.2180 mV  (pred 5.5724, diff +0.6456)
[57/90] v=0.420 -> 16.5331 mV  (pred 14.5206, diff +2.0125)
[58/90] v=0.580 -> 31.6724 mV  (pred 27.6739, diff +3.9985)
[59/90] v=0.740 -> 50.4122 mV  (pred 45.0321, diff +5.3801)
[60/90] v=0.900 -> 72.7666 mV  (pred 66.5954, diff +6.1712)

--- Block 10: pairs 3+5 ---
[61/90] v=0.100 -> 0.4305 mV  (pred 0.3363, diff +0.0942)
[62/90] v=0.260 -> 2.6789 mV  (pred 2.2478, diff +0.4311)
[63/90] v=0.420 -> 7.0833 mV  (pred 5.8497, diff +1.2336)
[64/90] v=0.580 -> 13.6392 mV  (pred 11.1419, diff +2.4973)
[65/90] v=0.740 -> 22.0407 mV  (pred 18.1245, diff +3.9162)
[66/90] v=0.900 -> 31.9280 mV  (pred 26.7975, diff +5.1306)

--- Block 11: pairs 3+6 ---
[67/90] v=0.100 -> 0.0777 mV  (pred 0.0927, diff -0.0150)
[68/90] v=0.260 -> 0.4481 mV  (pred 0.5859, diff -0.1378)
[69/90] v=0.420 -> 1.2247 mV  (pred 1.5037, diff -0.2790)
[70/90] v=0.580 -> 2.2568 mV  (pred 2.8460, diff -0.5892)
[71/90] v=0.740 -> 3.6153 mV  (pred 4.6127, diff -0.9974)
[72/90] v=0.900 -> 5.2637 mV  (pred 6.8041, diff -1.5403)

--- Block 12: pairs 4+5 ---
[73/90] v=0.100 -> 1.0599 mV  (pred 0.9156, diff +0.1442)
[74/90] v=0.260 -> 6.3326 mV  (pred 6.1541, diff +0.1785)
[75/90] v=0.420 -> 17.2627 mV  (pred 16.0368, diff +1.2260)
[76/90] v=0.580 -> 33.0641 mV  (pred 30.5637, diff +2.5004)
[77/90] v=0.740 -> 52.9469 mV  (pred 49.7348, diff +3.2120)
[78/90] v=0.900 -> 77.6765 mV  (pred 73.5502, diff +4.1263)

--- Block 13: pairs 4+6 ---
[79/90] v=0.100 -> 0.2268 mV  (pred 0.1826, diff +0.0441)
[80/90] v=0.260 -> 1.3063 mV  (pred 1.1837, diff +0.1226)
[81/90] v=0.420 -> 3.4873 mV  (pred 3.0574, diff +0.4299)
[82/90] v=0.580 -> 6.4758 mV  (pred 5.8035, diff +0.6723)
[83/90] v=0.740 -> 10.4153 mV  (pred 9.4222, diff +0.9931)
[84/90] v=0.900 -> 14.5365 mV  (pred 13.9135, diff +0.6230)

--- Block 14: pairs 5+6 ---
[85/90] v=0.100 -> 1.2679 mV  (pred 0.9956, diff +0.2723)
[86/90] v=0.260 -> 7.4669 mV  (pred 6.6866, diff +0.7803)
[87/90] v=0.420 -> 19.8192 mV  (pred 17.4213, diff +2.3980)
[88/90] v=0.580 -> 37.3192 mV  (pred 33.1997, diff +4.1195)
[89/90] v=0.740 -> 59.5714 mV  (pred 54.0218, diff +5.5496)
[90/90] v=0.900 -> 87.8191 mV  (pred 79.8877, diff +7.9314)

CSV (15 blocks, 90 points) written to C:\Users\weishan\Desktop\RbONN\src\calib_data\run_0908_1444\calib_step8_simple_0908_1535.csv
Re-compare with:  python calib_step8_v2.py C:\Users\weishan\Desktop\RbONN\src\calib_data\run_0908_1444\calib_step8_simple_0908_1535.csv
Loaded 90 rows in 15 blocks (pairs [2, 3, 4, 5, 6]) from C:\Users\weishan\Desktop\RbONN\src\calib_data\run_0908_1444\calib_step8_simple_0908_1535.csv
Step 7 [auto -> fixed_comb_only] vs ref 2:  Phi[2] =   +0.00 deg  Phi[3] =  -26.68 deg  Phi[4] =  -79.79 deg  Phi[5] = -143.36 deg  Phi[6] = +135.43 deg
Step 6:  eta[2] = 0.1528  eta[3] = 0.1541  eta[4] = 0.1663  eta[5] = 0.1878  eta[6] = 0.2244

=== One pair: 2  [auto] (x = w = v, dark-subtracted, mV) ===
      v     meas     pred     diff    pull    %FS
  0.100   0.2604   0.2369  +0.0235   +0.11    0.13
  0.260   1.5859   1.5875  -0.0016   -0.01    0.01
  0.420   4.3545   4.1337  +0.2208   +0.66    1.18
  0.580   8.1866   7.8757  +0.3109   +0.70    1.66
  0.740  13.2553  12.8134  +0.4419   +0.85    2.36
  0.900  19.0438  18.9468  +0.0970   +0.15    0.52
  rms(meas - pred) = 0.2417 mV   NRMSE = 1.292 % FS   max |diff| = 0.4419 mV   FS = 18.71 mV   rms(std) = 0.4340 mV  (2.319 % FS)

=== One pair: 3  [auto] (x = w = v, dark-subtracted, mV) ===
      v     meas     pred     diff    pull    %FS
  0.100   0.2685   0.2401  +0.0284   +0.14    0.15
  0.260   1.6802   1.6117  +0.0685   +0.27    0.36
  0.420   4.4650   4.1985  +0.2665   +0.79    1.40
  0.580   8.4989   8.0007  +0.4982   +1.21    2.62
  0.740  13.2621  13.0182  +0.2439   +0.39    1.28
  0.900  19.5722  19.2510  +0.3212   +0.49    1.69
  rms(meas - pred) = 0.2850 mV   NRMSE = 1.499 % FS   max |diff| = 0.4982 mV   FS = 19.01 mV   rms(std) = 0.4507 mV  (2.371 % FS)

=== One pair: 4  [auto] (x = w = v, dark-subtracted, mV) ===
      v     meas     pred     diff    pull    %FS
  0.100   0.3081   0.2816  +0.0265   +0.12    0.12
  0.260   1.8972   1.8821  +0.0151   +0.06    0.07
  0.420   5.0759   4.8980  +0.1779   +0.50    0.80
  0.580   9.6545   9.3293  +0.3252   +0.74    1.47
  0.740  15.4268  15.1759  +0.2509   +0.47    1.13
  0.900  22.0892  22.4380  -0.3488   -0.46    1.57
  rms(meas - pred) = 0.2320 mV   NRMSE = 1.047 % FS   max |diff| = 0.3488 mV   FS = 22.16 mV   rms(std) = 0.4649 mV  (2.098 % FS)

=== One pair: 5  [auto] (x = w = v, dark-subtracted, mV) ===
      v     meas     pred     diff    pull    %FS
  0.100   0.3870   0.3561  +0.0308   +0.14    0.11
  0.260   2.4409   2.3931  +0.0478   +0.16    0.17
  0.420   6.4731   6.2358  +0.2374   +0.64    0.84
  0.580  12.2610  11.8842  +0.3768   +0.74    1.33
  0.740  19.9479  19.3384  +0.6095   +0.86    2.16
  0.900  28.6594  28.5983  +0.0611   +0.07    0.22
  rms(meas - pred) = 0.3100 mV   NRMSE = 1.098 % FS   max |diff| = 0.6095 mV   FS = 28.24 mV   rms(std) = 0.5468 mV  (1.936 % FS)

=== One pair: 6  [auto] (x = w = v, dark-subtracted, mV) ===
      v     meas     pred     diff    pull    %FS
  0.100   0.6023   0.5106  +0.0917   +0.41    0.23
  0.260   3.5841   3.4224  +0.1617   +0.52    0.40
  0.420   9.4736   8.9123  +0.5612   +1.32    1.39
  0.580  18.0145  16.9805  +1.0340   +1.60    2.56
  0.740  28.4281  27.6268  +0.8013   +0.78    1.99
  0.900  41.9147  40.8513  +1.0634   +0.93    2.64
  rms(meas - pred) = 0.7293 mV   NRMSE = 1.808 % FS   max |diff| = 1.0634 mV   FS = 40.34 mV   rms(std) = 0.7177 mV  (1.779 % FS)

=== Two pairs: 2+3  [auto] (x = w = v, dark-subtracted, mV) ===
      v     meas     pred     diff    pull    %FS
  0.100   1.0801   0.8978  +0.1823   +0.74    0.19
  0.260   6.3452   6.0435  +0.3017   +0.73    0.32
  0.420  16.7386  15.7546  +0.9840   +1.68    1.04
  0.580  31.3575  30.0310  +1.3265   +1.66    1.41
  0.740  50.7957  48.8728  +1.9229   +1.24    2.04
  0.900  74.6089  72.2799  +2.3290   +1.75    2.47
  rms(meas - pred) = 1.4127 mV   NRMSE = 1.500 % FS   max |diff| = 2.3290 mV   FS = 94.18 mV   rms(std) = 0.9479 mV  (1.006 % FS)
  dPhi = -26.68 deg   |sin dPhi| = 0.449   -> a phase error of ~3.83 deg would explain it

=== Two pairs: 2+4  [auto] (x = w = v, dark-subtracted, mV) ===
      v     meas     pred     diff    pull    %FS
  0.100   0.6969   0.6085  +0.0884   +0.39    0.09
  0.260   4.0118   4.0783  -0.0665   -0.21    0.07
  0.420  10.8305  10.6203  +0.2102   +0.37    0.21
  0.580  20.8038  20.2345  +0.5694   +0.76    0.56
  0.740  33.4001  32.9208  +0.4793   +0.44    0.47
  0.900  47.3208  48.6793  -1.3586   -0.91    1.34
  rms(meas - pred) = 0.6398 mV   NRMSE = 0.630 % FS   max |diff| = 1.3586 mV   FS = 101.63 mV   rms(std) = 0.8635 mV  (0.850 % FS)
  dPhi = -79.79 deg   |sin dPhi| = 0.984   -> a phase error of ~0.73 deg would explain it

=== Two pairs: 2+5  [auto] (x = w = v, dark-subtracted, mV) ===
      v     meas     pred     diff    pull    %FS
  0.100   0.1130   0.1324  -0.0194   -0.09    0.02
  0.260   0.8288   0.8669  -0.0382   -0.16    0.03
  0.420   2.2271   2.2447  -0.0176   -0.06    0.02
  0.580   4.4683   4.2657  +0.2026   +0.55    0.18
  0.740   6.7075   6.9299  -0.2224   -0.48    0.19
  0.900  10.0991  10.2374  -0.1383   -0.23    0.12
  rms(meas - pred) = 0.1365 mV   NRMSE = 0.119 % FS   max |diff| = 0.2224 mV   FS = 114.80 mV   rms(std) = 0.3823 mV  (0.333 % FS)
  dPhi = -143.36 deg   |sin dPhi| = 0.597   -> a phase error of ~0.23 deg would explain it

=== Two pairs: 2+6  [auto] (x = w = v, dark-subtracted, mV) ===
      v     meas     pred     diff    pull    %FS
  0.100   0.3016   0.2589  +0.0427   +0.20    0.03
  0.260   1.7875   1.7069  +0.0807   +0.30    0.06
  0.420   4.7411   4.4271  +0.3140   +0.92    0.23
  0.580   8.9142   8.4195  +0.4947   +1.03    0.36
  0.740  14.1685  13.6842  +0.4842   +0.71    0.35
  0.900  20.6844  20.2212  +0.4633   +0.73    0.34
  rms(meas - pred) = 0.3653 mV   NRMSE = 0.266 % FS   max |diff| = 0.4947 mV   FS = 137.17 mV   rms(std) = 0.4710 mV  (0.343 % FS)
  dPhi = +135.43 deg   |sin dPhi| = 0.702   -> a phase error of ~0.43 deg would explain it

=== Two pairs: 3+4  [auto] (x = w = v, dark-subtracted, mV) ===
      v     meas     pred     diff    pull    %FS
  0.100   1.0425   0.8291  +0.2134   +0.91    0.21
  0.260   6.2180   5.5724  +0.6456   +1.53    0.63
  0.420  16.5331  14.5206  +2.0125   +3.61    1.96
  0.580  31.6724  27.6739  +3.9985   +4.30    3.90
  0.740  50.4122  45.0321  +5.3801   +4.37    5.25
  0.900  72.7666  66.5954  +6.1712   +3.54    6.02
  rms(meas - pred) = 3.8195 mV   NRMSE = 3.728 % FS   max |diff| = 6.1712 mV   FS = 102.46 mV   rms(std) = 0.9974 mV  (0.973 % FS)
  dPhi = -53.12 deg   |sin dPhi| = 0.800   -> a phase error of ~5.34 deg would explain it

=== Two pairs: 3+5  [auto] (x = w = v, dark-subtracted, mV) ===
      v     meas     pred     diff    pull    %FS
  0.100   0.4305   0.3363  +0.0942   +0.43    0.08
  0.260   2.6789   2.2478  +0.4311   +1.48    0.37
  0.420   7.0833   5.8497  +1.2336   +3.00    1.07
  0.580  13.6392  11.1419  +2.4973   +4.02    2.16
  0.740  22.0407  18.1245  +3.9162   +5.34    3.38
  0.900  31.9280  26.7975  +5.1306   +3.90    4.43
  rms(meas - pred) = 2.8755 mV   NRMSE = 2.485 % FS   max |diff| = 5.1306 mV   FS = 115.73 mV   rms(std) = 0.7022 mV  (0.607 % FS)
  dPhi = -116.69 deg   |sin dPhi| = 0.893   -> a phase error of ~3.19 deg would explain it

=== Two pairs: 3+6  [auto] (x = w = v, dark-subtracted, mV) ===
      v     meas     pred     diff    pull    %FS
  0.100   0.0777   0.0927  -0.0150   -0.07    0.01
  0.260   0.4481   0.5859  -0.1378   -0.62    0.10
  0.420   1.2247   1.5037  -0.2790   -1.14    0.20
  0.580   2.2568   2.8460  -0.5892   -2.19    0.43
  0.740   3.6153   4.6127  -0.9974   -3.13    0.72
  0.900   5.2637   6.8041  -1.5403   -4.05    1.11
  rms(meas - pred) = 0.7970 mV   NRMSE = 0.576 % FS   max |diff| = 1.5403 mV   FS = 138.29 mV   rms(std) = 0.2801 mV  (0.203 % FS)
  dPhi = +162.11 deg   |sin dPhi| = 0.307   -> a phase error of ~2.15 deg would explain it

=== Two pairs: 4+5  [auto] (x = w = v, dark-subtracted, mV) ===
      v     meas     pred     diff    pull    %FS
  0.100   1.0599   0.9156  +0.1442   +0.60    0.12
  0.260   6.3326   6.1541  +0.1785   +0.52    0.14
  0.420  17.2627  16.0368  +1.2260   +1.96    0.98
  0.580  33.0641  30.5637  +2.5004   +2.67    2.00
  0.740  52.9469  49.7348  +3.2120   +2.39    2.57
  0.900  77.6765  73.5502  +4.1263   +2.75    3.30
  rms(meas - pred) = 2.4204 mV   NRMSE = 1.938 % FS   max |diff| = 4.1263 mV   FS = 124.90 mV   rms(std) = 0.9573 mV  (0.766 % FS)
  dPhi = -63.57 deg   |sin dPhi| = 0.895   -> a phase error of ~2.48 deg would explain it

=== Two pairs: 4+6  [auto] (x = w = v, dark-subtracted, mV) ===
      v     meas     pred     diff    pull    %FS
  0.100   0.2268   0.1826  +0.0441   +0.21    0.03
  0.260   1.3063   1.1837  +0.1226   +0.48    0.08
  0.420   3.4873   3.0574  +0.4299   +1.37    0.29
  0.580   6.4758   5.8035  +0.6723   +1.59    0.45
  0.740  10.4153   9.4222  +0.9931   +1.71    0.67
  0.900  14.5365  13.9135  +0.6230   +0.88    0.42
  rms(meas - pred) = 0.5814 mV   NRMSE = 0.390 % FS   max |diff| = 0.9931 mV   FS = 149.24 mV   rms(std) = 0.4512 mV  (0.302 % FS)
  dPhi = +215.22 deg   |sin dPhi| = 0.577   -> a phase error of ~0.77 deg would explain it

=== Two pairs: 5+6  [auto] (x = w = v, dark-subtracted, mV) ===
      v     meas     pred     diff    pull    %FS
  0.100   1.2679   0.9956  +0.2723   +1.13    0.16
  0.260   7.4669   6.6866  +0.7803   +1.87    0.46
  0.420  19.8192  17.4213  +2.3980   +3.54    1.42
  0.580  37.3192  33.1997  +4.1195   +4.28    2.44
  0.740  59.5714  54.0218  +5.5496   +3.36    3.29
  0.900  87.8191  79.8877  +7.9314   +3.82    4.71
  rms(meas - pred) = 4.4179 mV   NRMSE = 2.621 % FS   max |diff| = 7.9314 mV   FS = 168.57 mV   rms(std) = 1.2012 mV  (0.713 % FS)
  dPhi = +278.79 deg   |sin dPhi| = 0.988   -> a phase error of ~3.04 deg would explain it

=== Summary [auto] ===
  block      FS (mV)   rms (mV)   NRMSE (%FS)   noise floor (%FS)   max |pull|
    2           18.71    0.2417        1.292              2.319         0.85
    3           19.01    0.2850        1.499              2.371         1.21
    4           22.16    0.2320        1.047              2.098         0.74
    5           28.24    0.3100        1.098              1.936         0.86
    6           40.34    0.7293        1.808              1.779         1.60
    2+3         94.18    1.4127        1.500              1.006         1.75
    2+4        101.63    0.6398        0.630              0.850         0.91
    2+5        114.80    0.1365        0.119              0.333         0.55
    2+6        137.17    0.3653        0.266              0.343         1.03
    3+4        102.46    3.8195        3.728              0.973         4.37
    3+5        115.73    2.8755        2.485              0.607         5.34
    3+6        138.29    0.7970        0.576              0.203         4.05
    4+5        124.90    2.4204        1.938              0.766         2.75
    4+6        149.24    0.5814        0.390              0.302         1.71
    5+6        168.57    4.4179        2.621              0.713         4.28
    one pair  mean NRMSE over 5 block(s) = 1.349 % FS   (floor 2.101 %)
    two pairs mean NRMSE over 10 block(s) = 1.425 % FS   (floor 0.610 %)
  (FS = 4*R_j*R_k at top drive, the fringe swing the phase commands;
   a one-pair block has no fringe, so its FS is its own predicted span,
   a ~4x smaller ruler that its noise floor shares.)
  (sigma = hypot(trace std, 0.200 mV systematic floor) -- the pull denominator and the noise floor both use it.)

  Plot saved to C:\Users\weishan\Desktop\RbONN\src\calib_data\run_0908_1444\calib_step8_simple_0908_1535_compare_auto.png

-- step 8 finished in 7.6 min

======================================================================
Sequence complete -- everything in src/calib_data/run_0908_1444
   calib_step6v2_meas_0908_1517.csv
   calib_step6v2_pair2_0908_1517.png
   calib_step6v2_pair3_0908_1517.png
   calib_step6v2_pair4_0908_1517.png
   calib_step6v2_pair5_0908_1517.png
   calib_step6v2_pair6_0908_1517.png
   calib_step6v2_result_0908_1517.json
   calib_step7_meas_0908_1528.csv
   calib_step7_result_0908_1528.json
   calib_step7_v2_pair3_refit.png
   calib_step7_v2_pair4_refit.png
   calib_step7_v2_pair5_refit.png
   calib_step7_v2_pair6_refit.png
   calib_step8_simple_0908_1535.csv
   calib_step8_simple_0908_1535_compare_auto.png
