
==== 2026-09-04 01:17:48 start-at 6 ====
Run folder : src/calib_data/run_0904_0117
Step 3 in  : src/calib_data/run_0903/calib_step3b_0903_1517.json
Log        : src/calib_data/run_0904_0117/run.log

======================================================================
== STEP 6  (calib_step6_v2)
==   in   : src/calib_data/run_0903/calib_step3b_0903_1517.json
==   out  : src/calib_data/run_0904_0117
==   pairs: [2, 4, 5]
======================================================================
Step 6 v2: 37 acquisitions/pair over 12 levels (10 estimator + 2 verification), interleaved, brightest first (~6.3 min/pair)
Pairs: [2, 4, 5]
  display 1: 1920x1080 (EM2FPAB24B,ELE,0001,8011730240001)
  display 2: 1920x1200 (LCOS-SLM,SOC,8001,2018021001)
SLM: connected on display 2 (1920x1200)
SLM: DVI mode set (USB device 1)
DAQ: Dev1 (USB-6251 (BNC)) ai0 @ 1000 S/s, +/-0.1 V, low-pass 20 Hz -- T_both 10 s, T_single 10 s

=== Sweep: pair 2 ===
[1/37] pair 2 rep 0 x=1.000 w=1.000 (10s) -> 30.9279 mV  std ratio 5.33%
[2/37] pair 2 rep 0 x=1.000 w=0.900 (10s) -> 28.0338 mV  std ratio 5.42%
[3/37] pair 2 rep 0 x=1.000 w=0.700 (10s) -> 21.0657 mV  std ratio 6.15%
[4/37] pair 2 rep 0 x=1.000 w=0.450 (10s) -> 14.2469 mV  std ratio 7.45%
[5/37] pair 2 rep 0 x=1.000 w=0.250 (10s) -> 7.2809 mV  std ratio 10.68%
[6/37] pair 2 rep 0 x=0.500 w=0.500 (10s) -> 7.5147 mV  std ratio 9.82%
[7/37] pair 2 rep 0 x=1.000 w=0.200 (10s) -> 6.1329 mV  std ratio 11.12%
[8/37] pair 2 rep 0 x=1.000 w=0.000 (10s) -> -0.0630 mV  std ratio 125.83%
[9/37] pair 2 rep 0 x=0.000 w=1.000 (10s) -> -0.0643 mV  std ratio 112.15%
[10/37] pair 2 rep 0 x=0.500 w=0.000 (10s) -> -0.0755 mV  std ratio 77.66%
[11/37] pair 2 rep 0 x=0.000 w=0.500 (10s) -> -0.0657 mV  std ratio 95.95%
[12/37] pair 2 rep 0 x=0.000 w=0.000 (10s) -> -0.0687 mV  std ratio 98.54%
[13/37] pair 2 rep 1 x=1.000 w=1.000 (10s) -> 30.7961 mV  std ratio 4.88%
[14/37] pair 2 rep 1 x=1.000 w=0.900 (10s) -> 27.9956 mV  std ratio 5.62%
[15/37] pair 2 rep 1 x=1.000 w=0.700 (10s) -> 21.2555 mV  std ratio 6.09%
[16/37] pair 2 rep 1 x=1.000 w=0.450 (10s) -> 14.2089 mV  std ratio 7.10%
[17/37] pair 2 rep 1 x=1.000 w=0.250 (10s) -> 7.2202 mV  std ratio 10.91%
[18/37] pair 2 rep 1 x=0.500 w=0.500 (10s) -> 7.2694 mV  std ratio 9.92%
[19/37] pair 2 rep 1 x=1.000 w=0.200 (10s) -> 6.1460 mV  std ratio 10.60%
[20/37] pair 2 rep 1 x=1.000 w=0.000 (10s) -> -0.0294 mV  std ratio 261.03%
[21/37] pair 2 rep 1 x=0.000 w=1.000 (10s) -> -0.0359 mV  std ratio 191.42%
[22/37] pair 2 rep 1 x=0.500 w=0.000 (10s) -> -0.0459 mV  std ratio 152.56%
[23/37] pair 2 rep 1 x=0.000 w=0.500 (10s) -> -0.0436 mV  std ratio 152.97%
[24/37] pair 2 rep 1 x=0.000 w=0.000 (10s) -> -0.0598 mV  std ratio 107.19%
[25/37] pair 2 rep 2 x=1.000 w=0.900 (10s) -> 27.9060 mV  std ratio 5.51%
[26/37] pair 2 rep 2 x=1.000 w=0.700 (10s) -> 20.8723 mV  std ratio 5.91%
[27/37] pair 2 rep 2 x=1.000 w=0.450 (10s) -> 14.0326 mV  std ratio 7.68%
[28/37] pair 2 rep 2 x=1.000 w=0.250 (10s) -> 7.3619 mV  std ratio 9.55%
[29/37] pair 2 rep 2 x=0.500 w=0.500 (10s) -> 7.4739 mV  std ratio 10.36%
[30/37] pair 2 rep 2 x=1.000 w=0.200 (10s) -> 6.0987 mV  std ratio 12.10%
[31/37] pair 2 rep 2 x=1.000 w=0.000 (10s) -> -0.0473 mV  std ratio 157.44%
[32/37] pair 2 rep 3 x=1.000 w=0.900 (10s) -> 27.6208 mV  std ratio 5.46%
[33/37] pair 2 rep 3 x=1.000 w=0.700 (10s) -> 21.0529 mV  std ratio 6.10%
[34/37] pair 2 rep 3 x=1.000 w=0.450 (10s) -> 14.1071 mV  std ratio 7.41%
[35/37] pair 2 rep 3 x=1.000 w=0.200 (10s) -> 6.2040 mV  std ratio 11.68%
[36/37] pair 2 rep 4 x=1.000 w=0.900 (10s) -> 28.1019 mV  std ratio 5.13%
[37/37] pair 2 rep 5 x=1.000 w=0.900 (10s) -> 28.1308 mV  std ratio 5.40%

=== Sweep: pair 4 ===
[1/37] pair 4 rep 0 x=1.000 w=1.000 (10s) -> 32.3210 mV  std ratio 5.16%
[2/37] pair 4 rep 0 x=1.000 w=0.900 (10s) -> 28.3590 mV  std ratio 5.45%
[3/37] pair 4 rep 0 x=1.000 w=0.700 (10s) -> 23.3058 mV  std ratio 5.54%
[4/37] pair 4 rep 0 x=1.000 w=0.450 (10s) -> 13.9193 mV  std ratio 7.23%
[5/37] pair 4 rep 0 x=1.000 w=0.250 (10s) -> 7.7063 mV  std ratio 9.74%
[6/37] pair 4 rep 0 x=0.500 w=0.500 (10s) -> 8.7680 mV  std ratio 9.03%
[7/37] pair 4 rep 0 x=1.000 w=0.200 (10s) -> 6.2007 mV  std ratio 10.73%
[8/37] pair 4 rep 0 x=1.000 w=0.000 (10s) -> -0.0368 mV  std ratio 206.76%
[9/37] pair 4 rep 0 x=0.000 w=1.000 (10s) -> -0.0362 mV  std ratio 209.22%
[10/37] pair 4 rep 0 x=0.500 w=0.000 (10s) -> -0.0399 mV  std ratio 213.95%
[11/37] pair 4 rep 0 x=0.000 w=0.500 (10s) -> -0.0468 mV  std ratio 132.47%
[12/37] pair 4 rep 0 x=0.000 w=0.000 (10s) -> -0.0608 mV  std ratio 118.54%
[13/37] pair 4 rep 1 x=1.000 w=1.000 (10s) -> 31.8900 mV  std ratio 5.11%
[14/37] pair 4 rep 1 x=1.000 w=0.900 (10s) -> 28.2589 mV  std ratio 5.35%
[15/37] pair 4 rep 1 x=1.000 w=0.700 (10s) -> 23.5549 mV  std ratio 5.66%
[16/37] pair 4 rep 1 x=1.000 w=0.450 (10s) -> 13.9349 mV  std ratio 7.19%
[17/37] pair 4 rep 1 x=1.000 w=0.250 (10s) -> 7.6691 mV  std ratio 10.14%
[18/37] pair 4 rep 1 x=0.500 w=0.500 (10s) -> 8.7001 mV  std ratio 9.44%
[19/37] pair 4 rep 1 x=1.000 w=0.200 (10s) -> 6.1651 mV  std ratio 10.70%
[20/37] pair 4 rep 1 x=1.000 w=0.000 (10s) -> -0.0462 mV  std ratio 176.22%
[21/37] pair 4 rep 1 x=0.000 w=1.000 (10s) -> -0.0371 mV  std ratio 204.31%
[22/37] pair 4 rep 1 x=0.500 w=0.000 (10s) -> -0.0349 mV  std ratio 197.01%
[23/37] pair 4 rep 1 x=0.000 w=0.500 (10s) -> -0.0397 mV  std ratio 161.74%
[24/37] pair 4 rep 1 x=0.000 w=0.000 (10s) -> -0.0497 mV  std ratio 234.40%
[25/37] pair 4 rep 2 x=1.000 w=0.900 (10s) -> 28.3662 mV  std ratio 5.44%
[26/37] pair 4 rep 2 x=1.000 w=0.700 (10s) -> 23.6527 mV  std ratio 5.77%
[27/37] pair 4 rep 2 x=1.000 w=0.450 (10s) -> 13.9699 mV  std ratio 7.65%
[28/37] pair 4 rep 2 x=1.000 w=0.250 (10s) -> 7.7780 mV  std ratio 9.40%
[29/37] pair 4 rep 2 x=0.500 w=0.500 (10s) -> 8.5776 mV  std ratio 9.51%
[30/37] pair 4 rep 2 x=1.000 w=0.200 (10s) -> 6.1469 mV  std ratio 10.41%
[31/37] pair 4 rep 2 x=1.000 w=0.000 (10s) -> -0.0373 mV  std ratio 191.98%
[32/37] pair 4 rep 3 x=1.000 w=0.900 (10s) -> 28.5953 mV  std ratio 5.45%
[33/37] pair 4 rep 3 x=1.000 w=0.700 (10s) -> 23.9202 mV  std ratio 5.42%
[34/37] pair 4 rep 3 x=1.000 w=0.450 (10s) -> 14.0802 mV  std ratio 7.34%
[35/37] pair 4 rep 3 x=1.000 w=0.200 (10s) -> 6.3070 mV  std ratio 10.92%
[36/37] pair 4 rep 4 x=1.000 w=0.900 (10s) -> 28.4528 mV  std ratio 5.60%
[37/37] pair 4 rep 5 x=1.000 w=0.900 (10s) -> 27.9043 mV  std ratio 5.20%

=== Sweep: pair 5 ===
[1/37] pair 5 rep 0 x=1.000 w=1.000 (10s) -> 41.2791 mV  std ratio 4.30%
[2/37] pair 5 rep 0 x=1.000 w=0.900 (10s) -> 38.0384 mV  std ratio 4.47%
[3/37] pair 5 rep 0 x=1.000 w=0.700 (10s) -> 28.7135 mV  std ratio 5.36%
[4/37] pair 5 rep 0 x=1.000 w=0.450 (10s) -> 18.5631 mV  std ratio 6.77%
[5/37] pair 5 rep 0 x=1.000 w=0.250 (10s) -> 10.0488 mV  std ratio 8.62%
[6/37] pair 5 rep 0 x=0.500 w=0.500 (10s) -> 10.2597 mV  std ratio 8.71%
[7/37] pair 5 rep 0 x=1.000 w=0.200 (10s) -> 7.8293 mV  std ratio 9.93%
[8/37] pair 5 rep 0 x=1.000 w=0.000 (10s) -> -0.0272 mV  std ratio 399.88%
[9/37] pair 5 rep 0 x=0.000 w=1.000 (10s) -> -0.0348 mV  std ratio 220.99%
[10/37] pair 5 rep 0 x=0.500 w=0.000 (10s) -> -0.0475 mV  std ratio 146.94%
[11/37] pair 5 rep 0 x=0.000 w=0.500 (10s) -> -0.0480 mV  std ratio 147.53%
[12/37] pair 5 rep 0 x=0.000 w=0.000 (10s) -> -0.0740 mV  std ratio 74.10%
[13/37] pair 5 rep 1 x=1.000 w=1.000 (10s) -> 41.5632 mV  std ratio 4.52%
[14/37] pair 5 rep 1 x=1.000 w=0.900 (10s) -> 38.1988 mV  std ratio 4.63%
[15/37] pair 5 rep 1 x=1.000 w=0.700 (10s) -> 28.4626 mV  std ratio 5.60%
[16/37] pair 5 rep 1 x=1.000 w=0.450 (10s) -> 18.8391 mV  std ratio 6.53%
[17/37] pair 5 rep 1 x=1.000 w=0.250 (10s) -> 10.0683 mV  std ratio 8.77%
[18/37] pair 5 rep 1 x=0.500 w=0.500 (10s) -> 10.2746 mV  std ratio 8.98%
[19/37] pair 5 rep 1 x=1.000 w=0.200 (10s) -> 7.9334 mV  std ratio 9.04%
[20/37] pair 5 rep 1 x=1.000 w=0.000 (10s) -> -0.0264 mV  std ratio 323.88%
[21/37] pair 5 rep 1 x=0.000 w=1.000 (10s) -> -0.0333 mV  std ratio 254.00%
[22/37] pair 5 rep 1 x=0.500 w=0.000 (10s) -> -0.0385 mV  std ratio 180.42%
[23/37] pair 5 rep 1 x=0.000 w=0.500 (10s) -> -0.0462 mV  std ratio 145.72%
[24/37] pair 5 rep 1 x=0.000 w=0.000 (10s) -> -0.0702 mV  std ratio 88.77%
[25/37] pair 5 rep 2 x=1.000 w=0.900 (10s) -> 38.9617 mV  std ratio 4.48%
[26/37] pair 5 rep 2 x=1.000 w=0.700 (10s) -> 28.6428 mV  std ratio 5.32%
[27/37] pair 5 rep 2 x=1.000 w=0.450 (10s) -> 19.1062 mV  std ratio 6.73%
[28/37] pair 5 rep 2 x=1.000 w=0.250 (10s) -> 9.8829 mV  std ratio 9.06%
[29/37] pair 5 rep 2 x=0.500 w=0.500 (10s) -> 10.1212 mV  std ratio 8.16%
[30/37] pair 5 rep 2 x=1.000 w=0.200 (10s) -> 7.8958 mV  std ratio 9.48%
[31/37] pair 5 rep 2 x=1.000 w=0.000 (10s) -> -0.0146 mV  std ratio 585.56%
[32/37] pair 5 rep 3 x=1.000 w=0.900 (10s) -> 38.3199 mV  std ratio 4.63%
[33/37] pair 5 rep 3 x=1.000 w=0.700 (10s) -> 28.4615 mV  std ratio 5.04%
[34/37] pair 5 rep 3 x=1.000 w=0.450 (10s) -> 18.9346 mV  std ratio 7.25%
[35/37] pair 5 rep 3 x=1.000 w=0.200 (10s) -> 7.9292 mV  std ratio 9.92%
[36/37] pair 5 rep 4 x=1.000 w=0.900 (10s) -> 38.6686 mV  std ratio 4.98%
[37/37] pair 5 rep 5 x=1.000 w=0.900 (10s) -> 38.5589 mV  std ratio 4.39%

Saved 111 rows to C:\Users\weishan\Desktop\RbONN\src\calib_data\run_0904_0117\calib_step6v2_meas_0904_0140.csv

=== pair 2 ===
Estimator: difference   D(w) = Y(1,w) - [a_w w + d] = eta^2 w + (a_x)
Fit window: w in [0.20, 0.90]  (4 levels)

  Level means  (sigma = max(rep_std, trace_std)/sqrt(n)):
    block     x     w   n   mean(mV)  rep_std(mV)  trace_std(mV)  sigma(mV)
    dark     0.00  0.00   2    -0.0643      0.0063         0.0659     0.0466
    x-only   0.50  0.00   2    -0.0607      0.0209         0.0644     0.0455
    x-only   1.00  0.00   3    -0.0466      0.0168         0.0769     0.0444
    w-only   0.00  0.50   2    -0.0547      0.0156         0.0649     0.0459
    w-only   0.00  1.00   2    -0.0501      0.0201         0.0704     0.0498
    verify+  0.50  0.50   3     7.4193      0.1315         0.7443     0.4297
    cross    1.00  0.20   4     6.1454      0.0439         0.6991     0.3495
    verify+  1.00  0.25   3     7.2877      0.0711         0.7562     0.4366
    cross    1.00  0.45   4    14.1489      0.0974         1.0484     0.5242
    cross    1.00  0.70   4    21.0616      0.1566         1.2776     0.6388
    cross    1.00  0.90   6    27.9648      0.1865         1.5167     0.6192
    cross*   1.00  1.00   2    30.8620      0.0931         1.5746     1.1134
    (* excluded from the slope fit -- top-drive diagnostic; + verification only)
    repeat scatter exceeds trace noise on 0/12 repeated levels -- encoding repeatability is not dominant

  Background block (5 levels, 3 parameters -> 2 dof; used by steps 7/8, not by eta):
    a_x = 1.6715e-05 +/- 6.148e-05
    a_w = 1.6399e-05 +/- 6.509e-05
    d   = -6.5164e-02 +/- 3.925e-02 mV
    (q_x/q_w dropped -- FIT_Q = False; with two drive levels per arm
     they are not separable from a_x/a_w, which is what produced negative background terms)
      block     x     w   resid(mV)   pull
      dark     0.00  0.00     0.0009   0.02
      x-only   0.50  0.00    -0.0039  -0.09
      x-only   1.00  0.00     0.0019   0.04
      w-only   0.00  0.50     0.0023   0.05
      w-only   0.00  1.00    -0.0013  -0.03
      residual RMS = 0.0023 mV   max |pull| = 0.09   OK

  Difference fit (GLS, background covariance propagated):
    eta^2 = 3.0798e-02 +/- 9.194e-04
    eta   = 1.7549e-01 +/- 2.620e-03   (67.0 sigma)   over w in [0.20, 0.90]
    beta0 = 0.0795 +/- 0.4687 mV   [= a_x]
    R^2   = 0.9991
      w    D_meas(mV)   D_fit(mV)  resid(mV)   pull
     0.20      6.2073      6.2392    -0.0319  -0.09
     0.45     14.2067     13.9387     0.2680   0.51
     0.70     21.1153     21.6382    -0.5229  -0.82
     0.90     28.0152     27.7978     0.2174   0.35
    residual RMS = 0.3137 mV

  Checks:
    anchor      D(0) measured =   0.0177 +/- 0.0644 mV  vs beta0 =   0.0795 mV   pull = -0.13
    top-drive   D(1.00) measured =  30.9108 +/- 1.1143 mV  vs line =  30.8776 mV   +0.11%  (pull +0.03)

  Verification (checks on the model, not inputs to it):
    1. intercept identity   beta0 = eta^2*0 + (a_x)
       beta0       =    0.0795 +/- 0.4687 mV (cross line extrapolated to w=0)
       a_x         =    0.0167 +/- 0.0615 mV (x-only block)
       difference  =   +0.0628 +/- 0.4727 mV   pull = +0.13   OK
    2. product-only dependence   Y depends on (x, w) only via x*w
       x*w = 0.250   model expects eta^2*(x*w) = 7.6995 mV
         (1.00, 0.25) n=3  TPA residue =    7.3320 +/- 0.4390 mV
         (0.50, 0.50) n=3  TPA residue =    7.4679 +/- 0.4308 mV
         (1.0, 0.25) - (0.5, 0.5) = -0.1359 +/- 0.6131 mV  (-1.84%)  pull = -0.22   OK

=== pair 4 ===
Estimator: difference   D(w) = Y(1,w) - [a_w w + d] = eta^2 w + (a_x)
Fit window: w in [0.20, 0.90]  (4 levels)

  Level means  (sigma = max(rep_std, trace_std)/sqrt(n)):
    block     x     w   n   mean(mV)  rep_std(mV)  trace_std(mV)  sigma(mV)
    dark     0.00  0.00   2    -0.0552      0.0079         0.0942     0.0666
    x-only   0.50  0.00   2    -0.0374      0.0035         0.0770     0.0544
    x-only   1.00  0.00   3    -0.0401      0.0053         0.0764     0.0441
    w-only   0.00  0.50   2    -0.0432      0.0050         0.0631     0.0446
    w-only   0.00  1.00   2    -0.0367      0.0006         0.0758     0.0536
    verify+  0.50  0.50   3     8.6819      0.0965         0.8097     0.4675
    cross    1.00  0.20   4     6.2049      0.0716         0.6633     0.3317
    verify+  1.00  0.25   3     7.7178      0.0554         0.7534     0.4349
    cross    1.00  0.45   4    13.9761      0.0725         1.0275     0.5138
    cross    1.00  0.70   4    23.6084      0.2540         1.3215     0.6607
    cross    1.00  0.90   6    28.3227      0.2339         1.5337     0.6261
    cross*   1.00  1.00   2    32.1055      0.3048         1.6493     1.1662
    (* excluded from the slope fit -- top-drive diagnostic; + verification only)
    repeat scatter exceeds trace noise on 0/12 repeated levels -- encoding repeatability is not dominant

  Background block (5 levels, 3 parameters -> 2 dof; used by steps 7/8, not by eta):
    a_x = 1.2188e-05 +/- 7.077e-05
    a_w = 1.3520e-05 +/- 7.886e-05
    d   = -5.0107e-02 +/- 5.064e-02 mV
    (q_x/q_w dropped -- FIT_Q = False; with two drive levels per arm
     they are not separable from a_x/a_w, which is what produced negative background terms)
      block     x     w   resid(mV)   pull
      dark     0.00  0.00    -0.0051  -0.08
      x-only   0.50  0.00     0.0066   0.12
      x-only   1.00  0.00    -0.0022  -0.05
      w-only   0.00  0.50     0.0001   0.00
      w-only   0.00  1.00    -0.0001  -0.00
      residual RMS = 0.0039 mV   max |pull| = 0.12   OK

  Difference fit (GLS, background covariance propagated):
    eta^2 = 3.2425e-02 +/- 9.123e-04
    eta   = 1.8007e-01 +/- 2.533e-03   (71.1 sigma)   over w in [0.20, 0.90]
    beta0 = -0.2366 +/- 0.4516 mV   [= a_x]
    R^2   = 0.9964
      w    D_meas(mV)   D_fit(mV)  resid(mV)   pull
     0.20      6.2524      6.2483     0.0040   0.01
     0.45     14.0201     14.3545    -0.3344  -0.65
     0.70     23.6490     22.4606     1.1884   1.80
     0.90     28.3607     28.9456    -0.5849  -0.93
    residual RMS = 0.6830 mV

  Checks:
    anchor      D(0) measured =   0.0151 +/- 0.0799 mV  vs beta0 =  -0.2366 mV   pull = +0.55
    top-drive   D(1.00) measured =  32.1421 +/- 1.1672 mV  vs line =  32.1880 mV   -0.14%  (pull -0.04)

  Verification (checks on the model, not inputs to it):
    1. intercept identity   beta0 = eta^2*0 + (a_x)
       beta0       =   -0.2366 +/- 0.4516 mV (cross line extrapolated to w=0)
       a_x         =    0.0122 +/- 0.0708 mV (x-only block)
       difference  =   -0.2488 +/- 0.4571 mV   pull = -0.54   OK
    2. product-only dependence   Y depends on (x, w) only via x*w
       x*w = 0.250   model expects eta^2*(x*w) = 8.1062 mV
         (1.00, 0.25) n=3  TPA residue =    7.7523 +/- 0.4376 mV
         (0.50, 0.50) n=3  TPA residue =    8.7191 +/- 0.4686 mV
         (1.0, 0.25) - (0.5, 0.5) = -0.9668 +/- 0.6391 mV  (-11.74%)  pull = -1.51   OK

=== pair 5 ===
Estimator: difference   D(w) = Y(1,w) - [a_w w + d] = eta^2 w + (a_x)
Fit window: w in [0.20, 0.90]  (4 levels)

  Level means  (sigma = max(rep_std, trace_std)/sqrt(n)):
    block     x     w   n   mean(mV)  rep_std(mV)  trace_std(mV)  sigma(mV)
    dark     0.00  0.00   2    -0.0721      0.0027         0.0586     0.0414
    x-only   0.50  0.00   2    -0.0430      0.0064         0.0696     0.0492
    x-only   1.00  0.00   3    -0.0227      0.0071         0.0932     0.0538
    w-only   0.00  0.50   2    -0.0471      0.0013         0.0690     0.0488
    w-only   0.00  1.00   2    -0.0340      0.0010         0.0807     0.0571
    verify+  0.50  0.50   3    10.2185      0.0846         0.8807     0.5084
    cross    1.00  0.20   4     7.8969      0.0481         0.7573     0.3787
    verify+  1.00  0.25   3    10.0000      0.1019         0.8815     0.5089
    cross    1.00  0.45   4    18.8607      0.2271         1.2862     0.6431
    cross    1.00  0.70   4    28.5701      0.1281         1.5219     0.7609
    cross    1.00  0.90   6    38.4577      0.3378         1.7674     0.7215
    cross*   1.00  1.00   2    41.4212      0.2009         1.8279     1.2925
    (* excluded from the slope fit -- top-drive diagnostic; + verification only)
    repeat scatter exceeds trace noise on 0/12 repeated levels -- encoding repeatability is not dominant

  Background block (5 levels, 3 parameters -> 2 dof; used by steps 7/8, not by eta):
    a_x = 4.8718e-05 +/- 6.540e-05
    a_w = 3.8376e-05 +/- 6.751e-05
    d   = -6.9919e-02 +/- 3.677e-02 mV
    (q_x/q_w dropped -- FIT_Q = False; with two drive levels per arm
     they are not separable from a_x/a_w, which is what produced negative background terms)
      block     x     w   resid(mV)   pull
      dark     0.00  0.00    -0.0022  -0.05
      x-only   0.50  0.00     0.0026   0.05
      x-only   1.00  0.00    -0.0015  -0.03
      w-only   0.00  0.50     0.0037   0.08
      w-only   0.00  1.00    -0.0025  -0.04
      residual RMS = 0.0026 mV   max |pull| = 0.08   OK

  Difference fit (GLS, background covariance propagated):
    eta^2 = 4.3006e-02 +/- 1.046e-03
    eta   = 2.0738e-01 +/- 2.522e-03   (82.2 sigma)   over w in [0.20, 0.90]
    beta0 = -0.6534 +/- 0.5161 mV   [= a_x]
    R^2   = 0.9990
      w    D_meas(mV)   D_fit(mV)  resid(mV)   pull
     0.20      7.9592      7.9477     0.0115   0.03
     0.45     18.9134     18.6991     0.2143   0.33
     0.70     28.6132     29.4505    -0.8374  -1.10
     0.90     38.4931     38.0517     0.4414   0.61
    residual RMS = 0.4853 mV

  Checks:
    anchor      D(0) measured =   0.0494 +/- 0.0679 mV  vs beta0 =  -0.6534 mV   pull = +1.35
    top-drive   D(1.00) measured =  41.4527 +/- 1.2935 mV  vs line =  42.3522 mV   -2.12%  (pull -0.62)

  Verification (checks on the model, not inputs to it):
    1. intercept identity   beta0 = eta^2*0 + (a_x)
       beta0       =   -0.6534 +/- 0.5161 mV (cross line extrapolated to w=0)
       a_x         =    0.0487 +/- 0.0654 mV (x-only block)
       difference  =   -0.7022 +/- 0.5203 mV   pull = -1.35   OK
    2. product-only dependence   Y depends on (x, w) only via x*w
       x*w = 0.250   model expects eta^2*(x*w) = 10.7514 mV
         (1.00, 0.25) n=3  TPA residue =   10.0116 +/- 0.5117 mV
         (0.50, 0.50) n=3  TPA residue =   10.2449 +/- 0.5097 mV
         (1.0, 0.25) - (0.5, 0.5) = -0.2333 +/- 0.7200 mV  (-2.30%)  pull = -0.32   OK

Saved Step-3 calib + Step-6 v2 fits -> C:\Users\weishan\Desktop\RbONN\src\calib_data\run_0904_0117\calib_step6v2_result_0904_0140.json
Plot saved to C:\Users\weishan\Desktop\RbONN\src\calib_data\run_0904_0117\calib_step6v2_pair2_0904_0140.png
Plot saved to C:\Users\weishan\Desktop\RbONN\src\calib_data\run_0904_0117\calib_step6v2_pair4_0904_0140.png
Plot saved to C:\Users\weishan\Desktop\RbONN\src\calib_data\run_0904_0117\calib_step6v2_pair5_0904_0140.png

-- step 6 finished in 22.5 min
-- step 6 result: src/calib_data/run_0904_0117/calib_step6v2_result_0904_0140.json

======================================================================
== STEP 7  (calib_step7_v2)
==   in   : src/calib_data/run_0904_0117/calib_step6v2_result_0904_0140.json
==   out  : src/calib_data/run_0904_0117
==   pairs: [2, 4, 5]   ref: 2
======================================================================
  display 1: 1920x1080 (EM2FPAB24B,ELE,0001,8011730240001)
  display 2: 1920x1200 (LCOS-SLM,SOC,8001,2018021001)
SLM: connected on display 2 (1920x1200)
SLM: DVI mode set (USB device 1)
DAQ: Dev1 (USB-6251 (BNC)) ai0 @ 1000 S/s, +/-0.2 V, low-pass 20 Hz -- T_both 10 s, T_single 10 s

=== Sweep: pair 2 vs reference 2  (x2=w2=0.9, sweep x2=w2 over [0.1, 0.188889, 0.277778, 0.366667, 0.455556, 0.544444, 0.633333, 0.722222, 0.811111, 0.9]) ===
[1/11] pair 2 dark (all off, 10s) = -0.0671 mV
[2/11] pair 2 x=w=0.100 (10s) -> 24.7240 mV std ratio 5.83%
[3/11] pair 2 x=w=0.189 (10s) -> 25.2348 mV std ratio 5.39%
[4/11] pair 2 x=w=0.278 (10s) -> 25.1445 mV std ratio 5.74%
[5/11] pair 2 x=w=0.367 (10s) -> 25.0349 mV std ratio 5.41%
[6/11] pair 2 x=w=0.456 (10s) -> 25.1015 mV std ratio 5.70%
[7/11] pair 2 x=w=0.544 (10s) -> 24.9677 mV std ratio 5.72%
[8/11] pair 2 x=w=0.633 (10s) -> 24.9385 mV std ratio 5.89%
[9/11] pair 2 x=w=0.722 (10s) -> 24.5131 mV std ratio 5.21%
[10/11] pair 2 x=w=0.811 (10s) -> 25.0325 mV std ratio 5.78%
[11/11] pair 2 x=w=0.900 (10s) -> 24.9544 mV std ratio 5.53%

=== Sweep: pair 4 vs reference 2  (x2=w2=0.9, sweep x4=w4 over [0.1, 0.188889, 0.277778, 0.366667, 0.455556, 0.544444, 0.633333, 0.722222, 0.811111, 0.9]) ===
[1/11] pair 4 dark (all off, 10s) = -0.0896 mV
[2/11] pair 4 x=w=0.100 (10s) -> 19.5717 mV std ratio 6.14%
[3/11] pair 4 x=w=0.189 (10s) -> 15.0193 mV std ratio 7.52%
[4/11] pair 4 x=w=0.278 (10s) -> 12.2577 mV std ratio 8.13%
[5/11] pair 4 x=w=0.367 (10s) -> 10.7733 mV std ratio 8.39%
[6/11] pair 4 x=w=0.456 (10s) -> 11.3894 mV std ratio 7.84%
[7/11] pair 4 x=w=0.544 (10s) -> 16.2583 mV std ratio 6.90%
[8/11] pair 4 x=w=0.633 (10s) -> 23.8984 mV std ratio 6.10%
[9/11] pair 4 x=w=0.722 (10s) -> 32.2484 mV std ratio 5.01%
[10/11] pair 4 x=w=0.811 (10s) -> 46.5837 mV std ratio 4.24%
[11/11] pair 4 x=w=0.900 (10s) -> 54.7430 mV std ratio 3.91%

=== Sweep: pair 5 vs reference 2  (x2=w2=0.9, sweep x5=w5 over [0.1, 0.188889, 0.277778, 0.366667, 0.455556, 0.544444, 0.633333, 0.722222, 0.811111, 0.9]) ===
[1/11] pair 5 dark (all off, 10s) = -0.0805 mV
[2/11] pair 5 x=w=0.100 (10s) -> 23.5968 mV std ratio 5.80%
[3/11] pair 5 x=w=0.189 (10s) -> 20.5258 mV std ratio 6.53%
[4/11] pair 5 x=w=0.278 (10s) -> 16.5890 mV std ratio 6.99%
[5/11] pair 5 x=w=0.367 (10s) -> 12.6985 mV std ratio 7.97%
[6/11] pair 5 x=w=0.456 (10s) -> 7.2396 mV std ratio 10.01%
[7/11] pair 5 x=w=0.544 (10s) -> 3.5386 mV std ratio 15.38%
[8/11] pair 5 x=w=0.633 (10s) -> 1.4476 mV std ratio 24.07%
[9/11] pair 5 x=w=0.722 (10s) -> 0.2139 mV std ratio 80.40%
[10/11] pair 5 x=w=0.811 (10s) -> 2.6450 mV std ratio 17.58%
[11/11] pair 5 x=w=0.900 (10s) -> 8.7379 mV std ratio 9.37%

CSV (ref 2, targets [2, 4, 5]) written to C:\Users\weishan\Desktop\RbONN\src\calib_data\run_0904_0117\calib_step7_meas_0904_0146.csv
Step 6: eta[ref 2] = 0.1755 ; eta[2]=0.1755 eta[4]=0.1801 eta[5]=0.2074
Fitting pair(s) [4, 5] vs reference 2 from C:\Users\weishan\Desktop\RbONN\src\calib_data\run_0904_0117\calib_step7_meas_0904_0146.csv (one free parameter: dPhi_comb)

=== Re-fit: pair 4 vs reference 2 ===
Loaded 10 rows, dark = -0.0896 mV
Model:  Y = a^2 + b^2 sin^4(theta/2) + 2ab sin^2(theta/2) cos(dPhi_comb + pi - theta) + step6 single-beam
            [both target channels swept together; theta the shared panel phase]
            a = eta_ref*sqrt(x_r w_r), b = eta_tgt, background and dark ALL fixed from step 6
            -> dPhi_comb is the ONLY free parameter
Pair 4 vs reference 2  (value +/- error):
  dPhi_comb = +1.3809 +/- 0.0270 rad   ( +79.12 +/- 1.55 deg )
     of which fringe noise 1.007 deg, step-6 eta 1.177 deg   [d(dPhi)/d(eta): ref +7.52, tgt +2.30 rad per unit eta]
  a (ref arm)      = 157.9445 mV^0.5   (pinned: eta_ref 175.4939 x g_ref 0.9)
  b (tgt eta CxCw) = 180.0684 mV^0.5   (pinned to step-6 eta)
  fringe amp 2ab   = 56.8816 mV   (pinned)
  mean residual    = -0.1240 mV   (NOT fitted -- should be ~0 if step 6 is right)
  max |pull|       = 2.46   [pull = residual / std_total]
     std_total     = 1.1653 (DAQ trace) (+) 0.5703 (step-6 eta) mV, median over points   -> 1.3252 mV
  max |pull| on std alone = 2.85   (measurement only -- overstates, the eta error is not in it)
  R^2 = 0.9727
Plot saved to C:\Users\weishan\Desktop\RbONN\src\calib_data\run_0904_0117\calib_step7_v2_pair4_refit.png

=== Re-fit: pair 5 vs reference 2 ===
Loaded 10 rows, dark = -0.0805 mV
Model:  Y = a^2 + b^2 sin^4(theta/2) + 2ab sin^2(theta/2) cos(dPhi_comb + pi - theta) + step6 single-beam
            [both target channels swept together; theta the shared panel phase]
            a = eta_ref*sqrt(x_r w_r), b = eta_tgt, background and dark ALL fixed from step 6
            -> dPhi_comb is the ONLY free parameter
Pair 5 vs reference 2  (value +/- error):
  dPhi_comb = +2.6087 +/- 0.0194 rad   ( +149.47 +/- 1.11 deg )
     of which fringe noise 0.899 deg, step-6 eta 0.655 deg   [d(dPhi)/d(eta): ref -3.74, tgt +2.33 rad per unit eta]
  a (ref arm)      = 157.9445 mV^0.5   (pinned: eta_ref 175.4939 x g_ref 0.9)
  b (tgt eta CxCw) = 207.3780 mV^0.5   (pinned to step-6 eta)
  fringe amp 2ab   = 65.5084 mV   (pinned)
  mean residual    = +0.1449 mV   (NOT fitted -- should be ~0 if step 6 is right)
  max |pull|       = 1.09   [pull = residual / std_total]
     std_total     = 0.7715 (DAQ trace) (+) 0.3121 (step-6 eta) mV, median over points   -> 0.8308 mV
  max |pull| on std alone = 1.19   (measurement only -- overstates, the eta error is not in it)
  R^2 = 0.9976
Plot saved to C:\Users\weishan\Desktop\RbONN\src\calib_data\run_0904_0117\calib_step7_v2_pair5_refit.png

Combined step-7 result (step3 + step6 + step7) saved to C:\Users\weishan\Desktop\RbONN\src\calib_data\run_0904_0117\calib_step7_result_0904_0147.json

-- step 7 finished in 6.7 min
-- step 7 result: src/calib_data/run_0904_0117/calib_step7_result_0904_0147.json

======================================================================
== STEP 8  (calib_step8_v2)
==   in   : src/calib_data/run_0904_0117/calib_step7_result_0904_0147.json
==   out  : src/calib_data/run_0904_0117
==   pairs: [2, 4, 5]
======================================================================
Step 7 [auto -> fixed_comb_only] vs ref 2:  Phi[2] =   +0.00 deg  Phi[4] =  -79.12 deg  Phi[5] = -149.47 deg
Step 6:  eta[2] = 0.1755  eta[4] = 0.1801  eta[5] = 0.2074
Blocks: 3 one-pair + 3 two-pair, 6 levels in [0.1, 1.0] (x = w) -> 36 points + 1 dark
  display 1: 1920x1080 (EM2FPAB24B,ELE,0001,8011730240001)
  display 2: 1920x1200 (LCOS-SLM,SOC,8001,2018021001)
SLM: connected on display 2 (1920x1200)
SLM: DVI mode set (USB device 1)
DAQ: Dev1 (USB-6251 (BNC)) ai0 @ 1000 S/s, +/-0.1 V, low-pass 20 Hz -- T_both 3 s, T_single 5 s
[0/36] dark (all off, 5s) = -0.0513 mV

--- Block 0: pair 2 ---
[1/36] v=0.100 -> 0.2745 mV  (pred 0.3113, diff -0.0368)
[2/36] v=0.280 -> 2.4000 mV  (pred 2.4238, diff -0.0238)
[3/36] v=0.460 -> 6.6623 mV  (pred 6.5321, diff +0.1301)
[4/36] v=0.640 -> 13.5515 mV  (pred 12.6361, diff +0.9154)
[5/36] v=0.820 -> 21.1245 mV  (pred 20.7358, diff +0.3887)
[6/36] v=1.000 -> 31.0235 mV  (pred 30.8312, diff +0.1923)

--- Block 1: pair 4 ---
[7/36] v=0.100 -> 0.2874 mV  (pred 0.3268, diff -0.0394)
[8/36] v=0.280 -> 2.5916 mV  (pred 2.5493, diff +0.0424)
[9/36] v=0.460 -> 7.3575 mV  (pred 6.8729, diff +0.4846)
[10/36] v=0.640 -> 16.1847 mV  (pred 13.2976, diff +2.8872)
[11/36] v=0.820 -> 25.8062 mV  (pred 21.8234, diff +3.9828)
[12/36] v=1.000 -> 32.0866 mV  (pred 32.4503, diff -0.3638)

--- Block 2: pair 5 ---
[13/36] v=0.100 -> 0.3771 mV  (pred 0.4388, diff -0.0616)
[14/36] v=0.280 -> 3.1320 mV  (pred 3.3960, diff -0.2641)
[15/36] v=0.460 -> 9.2134 mV  (pred 9.1401, diff +0.0734)
[16/36] v=0.640 -> 16.6041 mV  (pred 17.6709, diff -1.0668)
[17/36] v=0.820 -> 29.4324 mV  (pred 28.9884, diff +0.4440)
[18/36] v=1.000 -> 41.7312 mV  (pred 43.0927, diff -1.3616)

--- Block 3: pairs 2+4 ---
[19/36] v=0.100 -> 0.6635 mV  (pred 0.7574, diff -0.0939)
[20/36] v=0.280 -> 5.4161 mV  (pred 5.9084, diff -0.4924)
[21/36] v=0.460 -> 14.9209 mV  (pred 15.9293, diff -1.0084)
[22/36] v=0.640 -> 33.1845 mV  (pred 30.8201, diff +2.3644)
[23/36] v=0.820 -> 53.8003 mV  (pred 50.5807, diff +3.2196)
[24/36] v=1.000 -> 58.0685 mV  (pred 75.2112, diff -17.1427)

--- Block 4: pairs 2+5 ---
[25/36] v=0.100 -> 0.0708 mV  (pred 0.1231, diff -0.0524)
[26/36] v=0.280 -> 0.6327 mV  (pred 0.9047, diff -0.2720)
[27/36] v=0.460 -> 1.9448 mV  (pred 2.4062, diff -0.4614)
[28/36] v=0.640 -> 2.6855 mV  (pred 4.6277, diff -1.9422)
[29/36] v=0.820 -> 8.2880 mV  (pred 7.5691, diff +0.7189)
[30/36] v=1.000 -> 9.6793 mV  (pred 11.2305, diff -1.5512)

--- Block 5: pairs 4+5 ---
[31/36] v=0.100 -> 1.3875 mV  (pred 1.0168, diff +0.3707)
[32/36] v=0.280 -> 10.7088 mV  (pred 7.9147, diff +2.7941)
[33/36] v=0.460 -> 31.0127 mV  (pred 21.3282, diff +9.6845)
[34/36] v=0.640 -> 56.3055 mV  (pred 41.2573, diff +15.0482)
[35/36] v=0.820 -> 97.2056 mV  (pred 67.7020, diff +29.5036)
[36/36] v=1.000 -> 105.5149 mV  (pred 100.6624, diff +4.8525)

CSV (6 blocks, 36 points) written to C:\Users\weishan\Desktop\RbONN\src\calib_data\run_0904_0117\calib_step8_simple_0904_0150.csv
Re-compare with:  python calib_step8_v2.py C:\Users\weishan\Desktop\RbONN\src\calib_data\run_0904_0117\calib_step8_simple_0904_0150.csv
Loaded 36 rows in 6 blocks (pairs [2, 4, 5]) from C:\Users\weishan\Desktop\RbONN\src\calib_data\run_0904_0117\calib_step8_simple_0904_0150.csv
Step 7 [auto -> fixed_comb_only] vs ref 2:  Phi[2] =   +0.00 deg  Phi[4] =  -79.12 deg  Phi[5] = -149.47 deg
Step 6:  eta[2] = 0.1755  eta[4] = 0.1801  eta[5] = 0.2074

=== One pair: 2  [auto] (x = w = v, dark-subtracted, mV) ===
      v     meas     pred     diff    pull    %FS
  0.100   0.2745   0.3113  -0.0368   -0.15    0.12
  0.280   2.4000   2.4238  -0.0238   -0.05    0.08
  0.460   6.6623   6.5321  +0.1301   +0.20    0.43
  0.640  13.5515  12.6361  +0.9154   +0.83    3.00
  0.820  21.1245  20.7358  +0.3887   +0.34    1.27
  1.000  31.0235  30.8312  +0.1923   +0.12    0.63
  rms(meas - pred) = 0.4173 mV   NRMSE = 1.367 % FS   max |diff| = 0.9154 mV   FS = 30.52 mV   rms(std) = 0.9901 mV  (3.244 % FS)

=== One pair: 4  [auto] (x = w = v, dark-subtracted, mV) ===
      v     meas     pred     diff    pull    %FS
  0.100   0.2874   0.3268  -0.0394   -0.16    0.12
  0.280   2.5916   2.5493  +0.0424   +0.08    0.13
  0.460   7.3575   6.8729  +0.4846   +0.70    1.51
  0.640  16.1847  13.2976  +2.8872   +2.45    8.99
  0.820  25.8062  21.8234  +3.9828   +3.04   12.40
  1.000  32.0866  32.4503  -0.3638   -0.22    1.13
  rms(meas - pred) = 2.0236 mV   NRMSE = 6.299 % FS   max |diff| = 3.9828 mV   FS = 32.12 mV   rms(std) = 1.0539 mV  (3.281 % FS)

=== One pair: 5  [auto] (x = w = v, dark-subtracted, mV) ===
      v     meas     pred     diff    pull    %FS
  0.100   0.3771   0.4388  -0.0616   -0.23    0.14
  0.280   3.1320   3.3960  -0.2641   -0.56    0.62
  0.460   9.2134   9.1401  +0.0734   +0.09    0.17
  0.640  16.6041  17.6709  -1.0668   -0.97    2.50
  0.820  29.4324  28.9884  +0.4440   +0.26    1.04
  1.000  41.7312  43.0927  -1.3616   -0.77    3.19
  rms(meas - pred) = 0.7380 mV   NRMSE = 1.730 % FS   max |diff| = 1.3616 mV   FS = 42.65 mV   rms(std) = 1.1651 mV  (2.732 % FS)

=== Two pairs: 2+4  [auto] (x = w = v, dark-subtracted, mV) ===
      v     meas     pred     diff    pull    %FS
  0.100   0.6635   0.7574  -0.0939   -0.32    0.07
  0.280   5.4161   5.9084  -0.4924   -0.72    0.39
  0.460  14.9209  15.9293  -1.0084   -0.97    0.80
  0.640  33.1845  30.8201  +2.3644   +1.61    1.87
  0.820  53.8003  50.5807  +3.2196   +1.58    2.55
  1.000  58.0685  75.2112  -17.1427   -8.19   13.56
  rms(meas - pred) = 7.2007 mV   NRMSE = 5.697 % FS   max |diff| = 17.1427 mV   FS = 126.40 mV   rms(std) = 1.4340 mV  (1.134 % FS)
  dPhi = -79.12 deg   |sin dPhi| = 0.982   -> a phase error of ~6.65 deg would explain it

=== Two pairs: 2+5  [auto] (x = w = v, dark-subtracted, mV) ===
      v     meas     pred     diff    pull    %FS
  0.100   0.0708   0.1231  -0.0524   -0.23    0.04
  0.280   0.6327   0.9047  -0.2720   -0.86    0.19
  0.460   1.9448   2.4062  -0.4614   -1.01    0.32
  0.640   2.6855   4.6277  -1.9422   -3.58    1.33
  0.820   8.2880   7.5691  +0.7189   +0.87    0.49
  1.000   9.6793  11.2305  -1.5512   -1.79    1.07
  rms(meas - pred) = 1.0789 mV   NRMSE = 0.741 % FS   max |diff| = 1.9422 mV   FS = 145.57 mV   rms(std) = 0.5889 mV  (0.405 % FS)
  dPhi = -149.47 deg   |sin dPhi| = 0.508   -> a phase error of ~1.67 deg would explain it

=== Two pairs: 4+5  [auto] (x = w = v, dark-subtracted, mV) ===
      v     meas     pred     diff    pull    %FS
  0.100   1.3875   1.0168  +0.3707   +0.90    0.25
  0.280  10.7088   7.9147  +2.7941   +3.26    1.87
  0.460  31.0127  21.3282  +9.6845   +6.24    6.48
  0.640  56.3055  41.2573  +15.0482   +6.95   10.07
  0.820  97.2056  67.7020  +29.5036  +15.67   19.75
  1.000  105.5149  100.6624  +4.8525  +24.26    3.25
  rms(meas - pred) = 14.2723 mV   NRMSE = 9.555 % FS   max |diff| = 29.5036 mV   FS = 149.37 mV   rms(std) = 1.3894 mV  (0.930 % FS)
  dPhi = -70.35 deg   |sin dPhi| = 0.942   -> a phase error of ~11.63 deg would explain it

=== Summary [auto] ===
  block      FS (mV)   rms (mV)   NRMSE (%FS)   noise floor (%FS)   max |pull|
    2           30.52    0.4173        1.367              3.244         0.83
    4           32.12    2.0236        6.299              3.281         3.04
    5           42.65    0.7380        1.730              2.732         0.97
    2+4        126.40    7.2007        5.697              1.134         8.19
    2+5        145.57    1.0789        0.741              0.405         3.58
    4+5        149.37   14.2723        9.555              0.930        24.26
    one pair  mean NRMSE over 3 block(s) = 3.132 % FS   (floor 3.085 %)
    two pairs mean NRMSE over 3 block(s) = 5.331 % FS   (floor 0.823 %)
  (FS = 4*R_j*R_k at top drive, the fringe swing the phase commands;
   a one-pair block has no fringe, so its FS is its own predicted span,
   a ~4x smaller ruler that its noise floor shares.)
  (sigma = hypot(trace std, 0.200 mV systematic floor) -- the pull denominator and the noise floor both use it.)

  Plot saved to C:\Users\weishan\Desktop\RbONN\src\calib_data\run_0904_0117\calib_step8_simple_0904_0150_compare_auto.png

-- step 8 finished in 3.3 min

======================================================================
Sequence complete -- everything in src/calib_data/run_0904_0117
   calib_step6v2_meas_0904_0140.csv
   calib_step6v2_pair2_0904_0140.png
   calib_step6v2_pair4_0904_0140.png
   calib_step6v2_pair5_0904_0140.png
   calib_step6v2_result_0904_0140.json
   calib_step7_meas_0904_0146.csv
   calib_step7_result_0904_0147.json
   calib_step7_v2_pair4_refit.png
   calib_step7_v2_pair5_refit.png
   calib_step8_simple_0904_0150.csv
   calib_step8_simple_0904_0150_compare_auto.png
