
==============================================================================
CONVERSION  -- commanded -> level written -> delivered
==============================================================================
  step-3b sweep : C:\Users\weishan\Desktop\RbONN\src\calib_data\run_0903\calib_step3b_0903_1517.json
  0904 run      : C:\Users\weishan\Desktop\RbONN\src\calib_data\run_0904_0117
  the 0904 run encoded with method=interp; delivered values come from the fitted sin^2 model

  pair 2 x: 0.00->0.0008(L395)  0.25->0.2600(L546)  0.50->0.4882(L617)  0.90->0.9029(L760)  1.00->0.9996(L860)
  pair 2 w: 0.00->0.0009(L395)  0.25->0.2470(L541)  0.50->0.4870(L616)  0.90->0.9123(L764)  1.00->0.9995(L860)
  pair 4 x: 0.00->0.0007(L395)  0.25->0.2605(L545)  0.50->0.5012(L619)  0.90->0.8845(L748)  1.00->0.9278(L770)
  pair 4 w: 0.00->0.0026(L395)  0.25->0.2505(L547)  0.50->0.4755(L623)  0.90->0.8729(L766)  1.00->0.9972(L900)
  pair 5 x: 0.00->0.0008(L395)  0.25->0.2719(L546)  0.50->0.5008(L615)  0.90->0.9074(L753)  1.00->0.9877(L875)
  pair 5 w: 0.00->0.0016(L395)  0.25->0.2527(L545)  0.50->0.5007(L625)  0.90->0.9435(L793)  1.00->0.9995(L860)

==============================================================================
REWRITING THE MEASUREMENT CSVs
==============================================================================
  wrote calib_step6v2_meas_asdriven.csv  (111 rows)
  wrote calib_step7_meas_asdriven.csv  (30 rows)
  wrote calib_step8_simple_asdriven.csv  (36 rows)

==============================================================================
STEP 6  -- re-fit as driven
==============================================================================

=== pair 2 (cross line delivered x = 0.9996) ===
Estimator: difference   D(w) = Y(1,w) - [a_w w + d] = eta^2 w + (a_x)
Fit window: w in [0.20, 0.90]  (4 levels)

  Level means  (sigma = hypot(max(rep_std, trace_std)/sqrt(n), 0.200 mV systematic floor)):
    block     x     w   n   mean(mV)  rep_std(mV)  trace_std(mV)  sigma(mV)
    dark     0.00  0.00   2    -0.0643      0.0063         0.0659     0.2054
    x-only   0.49  0.00   2    -0.0607      0.0209         0.0644     0.2051
    x-only   1.00  0.00   3    -0.0466      0.0168         0.0769     0.2049
    w-only   0.00  0.49   2    -0.0547      0.0156         0.0649     0.2052
    w-only   0.00  1.00   2    -0.0501      0.0201         0.0704     0.2061
    verify+  0.49  0.49   3     7.4193      0.1315         0.7443     0.4740
    cross    1.00  0.21   4     6.1454      0.0439         0.6991     0.4027
    verify+  1.00  0.25   3     7.2877      0.0711         0.7562     0.4802
    cross    1.00  0.46   4    14.1489      0.0974         1.0484     0.5610
    cross    1.00  0.69   4    21.0616      0.1566         1.2776     0.6694
    cross    1.00  0.91   6    27.9648      0.1865         1.5167     0.6507
    cross*   1.00  1.00   2    30.8620      0.0931         1.5746     1.1312
    (* excluded from the slope fit -- top-drive diagnostic; + verification only)
    repeat scatter exceeds trace noise on 0/12 repeated levels -- encoding repeatability is not dominant

  Background block (5 levels, 3 parameters -> 2 dof; used by steps 7/8, not by eta):
    a_x = 1.6551e-05 +/- 2.771e-04
    a_w = 1.6100e-05 +/- 2.781e-04
    d   = -6.5003e-02 +/- 1.724e-01 mV
    (q_x/q_w dropped -- FIT_Q = False; with two drive levels per arm
     they are not separable from a_x/a_w, which is what produced negative background terms)
      block     x     w   resid(mV)   pull
      dark     0.00  0.00     0.0007   0.00
      x-only   0.49  0.00    -0.0038  -0.02
      x-only   1.00  0.00     0.0019   0.01
      w-only   0.00  0.49     0.0025   0.01
      w-only   0.00  1.00    -0.0012  -0.01
      residual RMS = 0.0023 mV   max |pull| = 0.02   OK

  Difference fit (GLS, background covariance propagated):
    eta^2 = 3.1257e-02 +/- 1.051e-03
    eta   = 1.7680e-01 +/- 2.972e-03   (59.5 sigma)   over w in [0.20, 0.90]
    beta0 = -0.3794 +/- 0.5679 mV   [= a_x]
    R^2   = 0.9998
      w    D_meas(mV)   D_fit(mV)  resid(mV)   pull
     0.21      6.2070      6.2785    -0.0715  -0.17
     0.46     14.2065     13.9973     0.2091   0.37
     0.69     21.1155     21.0996     0.0160   0.02
     0.91     28.0151     28.1248    -0.1096  -0.16
    residual RMS = 0.1236 mV

  Checks:
    anchor      D(0) measured =   0.0177 +/- 0.2901 mV  vs beta0 =  -0.3794 mV   pull = +0.62
    top-drive   D(1.00) measured =  30.9109 +/- 1.1468 mV  vs line =  30.8506 mV   +0.20%  (pull +0.05)

  Verification (checks on the model, not inputs to it):
    1. intercept identity   beta0 = eta^2*0 + (a_x)
       beta0       =   -0.3794 +/- 0.5679 mV (cross line extrapolated to w=0)
       a_x         =    0.0166 +/- 0.2771 mV (x-only block)
       difference  =   -0.3960 +/- 0.6319 mV   pull = -0.63   OK
    2. product-only dependence   Y depends on (x, w) only via x*w
       x*w = 0.242   model expects eta^2*(x*w) = 7.5745 mV
         (1.00, 0.25) n=3  TPA residue =    7.3322 +/- 0.5234 mV
         (0.49, 0.49) n=3  TPA residue =    7.4684 +/- 0.4917 mV
         (0.999635023, 0.247030738) - (0.488161641, 0.48698561) = -0.4242 +/- 0.6851 mV  (-5.73%)  pull = -0.62   OK
Plot saved to C:\Users\weishan\Desktop\RbONN\src\calib_data\0906_refit\calib_step6v2_pair2_asdriven.png

=== pair 4 (cross line delivered x = 0.9278) ===
Estimator: difference   D(w) = Y(1,w) - [a_w w + d] = eta^2 w + (a_x)
Fit window: w in [0.20, 0.90]  (4 levels)

  Level means  (sigma = hypot(max(rep_std, trace_std)/sqrt(n), 0.200 mV systematic floor)):
    block     x     w   n   mean(mV)  rep_std(mV)  trace_std(mV)  sigma(mV)
    dark     0.00  0.00   2    -0.0552      0.0079         0.0942     0.2108
    x-only   0.50  0.00   2    -0.0374      0.0035         0.0770     0.2073
    x-only   0.93  0.00   3    -0.0401      0.0053         0.0764     0.2048
    w-only   0.00  0.48   2    -0.0432      0.0050         0.0631     0.2049
    w-only   0.00  1.00   2    -0.0367      0.0006         0.0758     0.2071
    verify+  0.50  0.48   3     8.6819      0.0965         0.8097     0.5085
    cross    0.93  0.21   4     6.2049      0.0716         0.6633     0.3873
    verify+  0.93  0.25   3     7.7178      0.0554         0.7534     0.4787
    cross    0.93  0.43   4    13.9761      0.0725         1.0275     0.5513
    cross    0.93  0.72   4    23.6084      0.2540         1.3215     0.6904
    cross    0.93  0.87   6    28.3227      0.2339         1.5337     0.6573
    cross*   0.93  1.00   2    32.1055      0.3048         1.6493     1.1833
    (* excluded from the slope fit -- top-drive diagnostic; + verification only)
    repeat scatter exceeds trace noise on 0/12 repeated levels -- encoding repeatability is not dominant

  Background block (5 levels, 3 parameters -> 2 dof; used by steps 7/8, not by eta):
    a_x = 1.6028e-05 +/- 2.999e-04
    a_w = 1.5578e-05 +/- 2.859e-04
    d   = -5.1707e-02 +/- 1.784e-01 mV
    (q_x/q_w dropped -- FIT_Q = False; with two drive levels per arm
     they are not separable from a_x/a_w, which is what produced negative background terms)
      block     x     w   resid(mV)   pull
      dark     0.00  0.00    -0.0036  -0.02
      x-only   0.50  0.00     0.0063   0.03
      x-only   0.93  0.00    -0.0033  -0.02
      w-only   0.00  0.48     0.0011   0.01
      w-only   0.00  1.00    -0.0005  -0.00
      residual RMS = 0.0036 mV   max |pull| = 0.03   OK

  Difference fit (GLS, background covariance propagated):
    eta^2 = 3.6197e-02 +/- 1.148e-03
    eta   = 1.9026e-01 +/- 3.016e-03   (63.1 sigma)   over w in [0.20, 0.90]
    beta0 = -0.8035 +/- 0.5981 mV   [= a_x]
    R^2   = 0.9996
      w    D_meas(mV)   D_fit(mV)  resid(mV)   pull
     0.20      6.2534      6.3462    -0.0929  -0.23
     0.40     14.0211     13.7653     0.2558   0.45
     0.67     23.6488     23.5262     0.1226   0.17
     0.81     28.3609     28.5682    -0.2073  -0.31
    residual RMS = 0.1817 mV

  Checks:
    anchor      D(0) measured =   0.0151 +/- 0.2939 mV  vs beta0 =  -0.8035 mV   pull = +1.23
    top-drive   D(1.00) measured =  32.1416 +/- 1.1985 mV  vs line =  32.7439 mV   -1.84%  (pull -0.44)

  Verification (checks on the model, not inputs to it):
    1. intercept identity   beta0 = eta^2*0 + (a_x)
       beta0       =   -0.8035 +/- 0.5981 mV (cross line extrapolated to w=0)
       a_x         =    0.0160 +/- 0.2999 mV (x-only block)
       difference  =   -0.8196 +/- 0.6691 mV   pull = -1.22   OK
    2. product-only dependence   Y depends on (x, w) only via x*w
       x*w = 0.235   model expects eta^2*(x*w) = 8.5197 mV
         (0.93, 0.25) n=3  TPA residue =    7.7507 +/- 0.5211 mV
         (0.50, 0.48) n=3  TPA residue =    8.7182 +/- 0.5267 mV
         (0.927779372, 0.25050819) - (0.501223584, 0.475489196) = -0.7535 +/- 0.7062 mV  (-9.15%)  pull = -1.07   OK
Plot saved to C:\Users\weishan\Desktop\RbONN\src\calib_data\0906_refit\calib_step6v2_pair4_asdriven.png

=== pair 5 (cross line delivered x = 0.9877) ===
Estimator: difference   D(w) = Y(1,w) - [a_w w + d] = eta^2 w + (a_x)
Fit window: w in [0.20, 0.90]  (4 levels)

  Level means  (sigma = hypot(max(rep_std, trace_std)/sqrt(n), 0.200 mV systematic floor)):
    block     x     w   n   mean(mV)  rep_std(mV)  trace_std(mV)  sigma(mV)
    dark     0.00  0.00   2    -0.0721      0.0027         0.0586     0.2042
    x-only   0.50  0.00   2    -0.0430      0.0064         0.0696     0.2060
    x-only   0.99  0.00   3    -0.0227      0.0071         0.0932     0.2071
    w-only   0.00  0.50   2    -0.0471      0.0013         0.0690     0.2059
    w-only   0.00  1.00   2    -0.0340      0.0010         0.0807     0.2080
    verify+  0.50  0.50   3    10.2185      0.0846         0.8807     0.5464
    cross    0.99  0.21   4     7.8969      0.0481         0.7573     0.4282
    verify+  0.99  0.25   3    10.0000      0.1019         0.8815     0.5468
    cross    0.99  0.46   4    18.8607      0.2271         1.2862     0.6735
    cross    0.99  0.70   4    28.5701      0.1281         1.5219     0.7868
    cross    0.99  0.94   6    38.4577      0.3378         1.7674     0.7487
    cross*   0.99  1.00   2    41.4212      0.2009         1.8279     1.3079
    (* excluded from the slope fit -- top-drive diagnostic; + verification only)
    repeat scatter exceeds trace noise on 0/12 repeated levels -- encoding repeatability is not dominant

  Background block (5 levels, 3 parameters -> 2 dof; used by steps 7/8, not by eta):
    a_x = 4.8301e-05 +/- 2.820e-04
    a_w = 3.7202e-05 +/- 2.800e-04
    d   = -6.9399e-02 +/- 1.740e-01 mV
    (q_x/q_w dropped -- FIT_Q = False; with two drive levels per arm
     they are not separable from a_x/a_w, which is what produced negative background terms)
      block     x     w   resid(mV)   pull
      dark     0.00  0.00    -0.0028  -0.01
      x-only   0.50  0.00     0.0022   0.01
      x-only   0.99  0.00    -0.0011  -0.01
      w-only   0.00  0.50     0.0037   0.02
      w-only   0.00  1.00    -0.0019  -0.01
      residual RMS = 0.0025 mV   max |pull| = 0.02   OK

  Difference fit (GLS, background covariance propagated):
    eta^2 = 4.2462e-02 +/- 1.139e-03
    eta   = 2.0606e-01 +/- 2.763e-03   (74.6 sigma)   over w in [0.20, 0.90]
    beta0 = -0.7860 +/- 0.6081 mV   [= a_x]
    R^2   = 0.9994
      w    D_meas(mV)   D_fit(mV)  resid(mV)   pull
     0.21      7.9585      8.0996    -0.1412  -0.31
     0.45     18.9131     18.4562     0.4568   0.67
     0.69     28.6136     28.4261     0.1875   0.24
     0.93     38.4920     38.7950    -0.3030  -0.39
    residual RMS = 0.2982 mV

  Checks:
    anchor      D(0) measured =   0.0494 +/- 0.2909 mV  vs beta0 =  -0.7860 mV   pull = +1.24
    top-drive   D(1.00) measured =  41.4534 +/- 1.3215 mV  vs line =  41.1431 mV   +0.75%  (pull +0.21)

  Verification (checks on the model, not inputs to it):
    1. intercept identity   beta0 = eta^2*0 + (a_x)
       beta0       =   -0.7860 +/- 0.6081 mV (cross line extrapolated to w=0)
       a_x         =    0.0483 +/- 0.2820 mV (x-only block)
       difference  =   -0.8343 +/- 0.6703 mV   pull = -1.24   OK
    2. product-only dependence   Y depends on (x, w) only via x*w
       x*w = 0.250   model expects eta^2*(x*w) = 10.6218 mV
         (0.99, 0.25) n=3  TPA residue =   10.0123 +/- 0.5856 mV
         (0.50, 0.50) n=3  TPA residue =   10.2451 +/- 0.5632 mV
         (0.987739713, 0.252662094) - (0.500800234, 0.500664853) = -0.1832 +/- 0.7814 mV  (-1.81%)  pull = -0.23   OK
Plot saved to C:\Users\weishan\Desktop\RbONN\src\calib_data\0906_refit\calib_step6v2_pair5_asdriven.png

Saved -> C:\Users\weishan\Desktop\RbONN\src\calib_data\0906_refit\calib_step6v2_result_asdriven_0906_1026.json

==============================================================================
STEP 7  -- re-fit as driven (step 7's own fit, unmodified)
==============================================================================
Step 6: eta[ref 2] = 0.1768 ; eta[2]=0.1768 eta[4]=0.1903 eta[5]=0.2061
Fitting pair(s) [4, 5] vs reference 2 from C:\Users\weishan\Desktop\RbONN\src\calib_data\0906_refit\calib_step7_meas_asdriven.csv (one free parameter: dPhi_comb)

=== Re-fit: pair 4 vs reference 2 ===
Loaded 10 rows, dark = -0.0896 mV
Model:  Y = a^2 + b^2 sin^4(theta/2) + 2ab sin^2(theta/2) cos(dPhi_comb + pi - theta) + step6 single-beam
            [both target channels swept together; theta the shared panel phase]
            a = eta_ref*sqrt(x_r w_r), b = eta_tgt, background and dark ALL fixed from step 6
            -> dPhi_comb is the ONLY free parameter
Pair 4 vs reference 2  (value +/- error):
  dPhi_comb = +1.4243 +/- 0.0267 rad   ( +81.60 +/- 1.53 deg )
     of which fringe noise 0.953 deg, step-6 eta 1.194 deg   [d(dPhi)/d(eta): ref +6.58, tgt +2.38 rad per unit eta]
  a (ref arm)      = 160.4572 mV^0.5   (pinned: eta_ref 176.7953 x g_ref 0.9076)
  b (tgt eta CxCw) = 190.2550 mV^0.5   (pinned to step-6 eta)
  fringe amp 2ab   = 61.0556 mV   (pinned)
  mean residual    = -0.0904 mV   (NOT fitted -- should be ~0 if step 6 is right)
  max |pull|       = 0.70   [pull = residual / std_total]
     std_total     = 1.1824 (measurement) (+) 0.6468 (step-6 eta) mV, median over points   -> 1.3843 mV
  max |pull| on std alone = 0.81   (measurement only -- overstates, the eta error is not in it; std includes the 0.200 mV systematic floor)
  R^2 = 0.9979
Plot saved to C:\Users\weishan\Desktop\RbONN\src\calib_data\0906_refit\calib_step7_v2_pair4_refit.png

=== Re-fit: pair 5 vs reference 2 ===
Loaded 10 rows, dark = -0.0805 mV
Model:  Y = a^2 + b^2 sin^4(theta/2) + 2ab sin^2(theta/2) cos(dPhi_comb + pi - theta) + step6 single-beam
            [both target channels swept together; theta the shared panel phase]
            a = eta_ref*sqrt(x_r w_r), b = eta_tgt, background and dark ALL fixed from step 6
            -> dPhi_comb is the ONLY free parameter
Pair 5 vs reference 2  (value +/- error):
  dPhi_comb = +2.6454 +/- 0.0213 rad   ( +151.57 +/- 1.22 deg )
     of which fringe noise 0.855 deg, step-6 eta 0.874 deg   [d(dPhi)/d(eta): ref -4.39, tgt +2.86 rad per unit eta]
  a (ref arm)      = 160.4572 mV^0.5   (pinned: eta_ref 176.7953 x g_ref 0.9076)
  b (tgt eta CxCw) = 206.0625 mV^0.5   (pinned to step-6 eta)
  fringe amp 2ab   = 66.1284 mV   (pinned)
  mean residual    = -0.7522 mV   (NOT fitted -- should be ~0 if step 6 is right)
  max |pull|       = 1.91   [pull = residual / std_total]
     std_total     = 0.7970 (measurement) (+) 0.3646 (step-6 eta) mV, median over points   -> 0.8765 mV
  max |pull| on std alone = 2.01   (measurement only -- overstates, the eta error is not in it; std includes the 0.200 mV systematic floor)
  R^2 = 0.9876
Plot saved to C:\Users\weishan\Desktop\RbONN\src\calib_data\0906_refit\calib_step7_v2_pair5_refit.png

Combined step-7 result (step3 + step6 + step7) saved to C:\Users\weishan\Desktop\RbONN\src\calib_data\0906_refit\calib_step7_result_0906_1026.json

==============================================================================
STEP 8  -- compare as driven (step 8's own compare, unmodified)
==============================================================================
  [encoding] channel at 778.183 nm: fitted encoding window 376..882 runs outside the swept 380..900 -- v = 1 is an extrapolation (widen level_range in step 3b)
  [encoding] channel at 777.304 nm: fitted encoding window 370..889 runs outside the swept 380..900 -- v = 1 is an extrapolation (widen level_range in step 3b)
  [encoding] channel at 777.016 nm: fitted encoding window 379..883 runs outside the swept 380..900 -- v = 1 is an extrapolation (widen level_range in step 3b)
Step 7 [auto -> fixed_comb_only] vs ref 2:  Phi[2] =   +0.00 deg  Phi[4] =  -81.60 deg  Phi[5] = -151.57 deg
Step 6:  eta[2] = 0.1768  eta[4] = 0.1903  eta[5] = 0.2061

=== One pair: 2  [auto] (x = w = v, dark-subtracted, mV) ===
      v     meas     pred     diff    pull    %FS
  0.100   0.2745   0.3317  -0.0572   -0.23    0.18
  0.280   2.4000   2.4634  -0.0634   -0.14    0.20
  0.460   6.6623   6.6488  +0.0135   +0.02    0.04
  0.640  13.5515  13.4856  +0.0659   +0.06    0.21
  0.820  21.1245  21.2367  -0.1121   -0.10    0.36
  1.000  31.0235  31.2625  -0.2390   -0.15    0.77
  rms(meas - pred) = 0.1166 mV   NRMSE = 0.377 % FS   max |diff| = 0.2390 mV   FS = 30.93 mV   rms(std) = 0.9901 mV  (3.201 % FS)

=== One pair: 4  [auto] (x = w = v, dark-subtracted, mV) ===
      v     meas     pred     diff    pull    %FS
  0.100   0.2874   0.4258  -0.1383   -0.55    0.42
  0.280   2.5916   2.9041  -0.3124   -0.59    0.94
  0.460   7.3575   7.2641  +0.0933   +0.14    0.28
  0.640  16.1847  16.2140  -0.0293   -0.02    0.09
  0.820  25.8062  26.0965  -0.2903   -0.22    0.88
  1.000  32.0866  33.5198  -1.4332   -0.87    4.33
  rms(meas - pred) = 0.6144 mV   NRMSE = 1.856 % FS   max |diff| = 1.4332 mV   FS = 33.09 mV   rms(std) = 1.0539 mV  (3.184 % FS)

=== One pair: 5  [auto] (x = w = v, dark-subtracted, mV) ===
      v     meas     pred     diff    pull    %FS
  0.100   0.3771   0.4956  -0.1185   -0.44    0.29
  0.280   3.1320   3.4929  -0.3609   -0.77    0.87
  0.460   9.2134   9.5212  -0.3078   -0.38    0.74
  0.640  16.6041  16.9707  -0.3666   -0.33    0.88
  0.820  29.4324  31.2072  -1.7747   -1.05    4.28
  1.000  41.7312  42.0043  -0.2732   -0.15    0.66
  rms(meas - pred) = 0.7744 mV   NRMSE = 1.866 % FS   max |diff| = 1.7747 mV   FS = 41.51 mV   rms(std) = 1.1651 mV  (2.807 % FS)

=== Two pairs: 2+4  [auto] (x = w = v, dark-subtracted, mV) ===
      v     meas     pred     diff    pull    %FS
  0.100   0.6635   0.8794  -0.2159   -0.73    0.16
  0.280   5.4161   6.1765  -0.7604   -1.11    0.57
  0.460  14.9209  15.5752  -0.6543   -0.63    0.49
  0.640  33.1845  34.7924  -1.6079   -1.09    1.20
  0.820  53.8003  57.3154  -3.5151   -1.72    2.61
  1.000  58.0685  55.9452  +2.1233   +1.01    1.58
  rms(meas - pred) = 1.8485 mV   NRMSE = 1.374 % FS   max |diff| = 3.5151 mV   FS = 134.54 mV   rms(std) = 1.4340 mV  (1.066 % FS)
  dPhi = -81.60 deg   |sin dPhi| = 0.989   -> a phase error of ~1.59 deg would explain it

=== Two pairs: 2+5  [auto] (x = w = v, dark-subtracted, mV) ===
      v     meas     pred     diff    pull    %FS
  0.100   0.0708   0.1301  -0.0593   -0.27    0.04
  0.280   0.6327   0.8595  -0.2268   -0.72    0.16
  0.460   1.9448   2.4049  -0.4601   -1.01    0.32
  0.640   2.6855   3.1946  -0.5091   -0.94    0.35
  0.820   8.2880   9.5902  -1.3022   -1.58    0.89
  1.000   9.6793   6.7197  +2.9596   +3.41    2.03
  rms(meas - pred) = 1.3528 mV   NRMSE = 0.928 % FS   max |diff| = 2.9596 mV   FS = 145.72 mV   rms(std) = 0.5889 mV  (0.404 % FS)
  dPhi = -151.57 deg   |sin dPhi| = 0.476   -> a phase error of ~2.23 deg would explain it

=== Two pairs: 4+5  [auto] (x = w = v, dark-subtracted, mV) ===
      v     meas     pred     diff    pull    %FS
  0.100   1.3875   1.2293  +0.1582   +0.38    0.10
  0.280  10.7088   8.6069  +2.1019   +2.45    1.34
  0.460  31.0127  23.2391  +7.7736   +5.01    4.96
  0.640  56.3055  42.0253  +14.2801   +6.60    9.11
  0.820  97.2056  77.9570  +19.2486  +10.22   12.27
  1.000  105.5149  114.0998  -8.5850  -42.92    5.47
  rms(meas - pred) = 10.9011 mV   NRMSE = 6.951 % FS   max |diff| = 19.2486 mV   FS = 156.82 mV   rms(std) = 1.3894 mV  (0.886 % FS)
  dPhi = -69.97 deg   |sin dPhi| = 0.940   -> a phase error of ~8.48 deg would explain it

=== Summary [auto] ===
  block      FS (mV)   rms (mV)   NRMSE (%FS)   noise floor (%FS)   max |pull|
    2           30.93    0.1166        0.377              3.201         0.23
    4           33.09    0.6144        1.856              3.184         0.87
    5           41.51    0.7744        1.866              2.807         1.05
    2+4        134.54    1.8485        1.374              1.066         1.72
    2+5        145.72    1.3528        0.928              0.404         3.41
    4+5        156.82   10.9011        6.951              0.886        42.92
    one pair  mean NRMSE over 3 block(s) = 1.366 % FS   (floor 3.064 %)
    two pairs mean NRMSE over 3 block(s) = 3.085 % FS   (floor 0.785 %)
  (FS = 4*R_j*R_k at top drive, the fringe swing the phase commands;
   a one-pair block has no fringe, so its FS is its own predicted span,
   a ~4x smaller ruler that its noise floor shares.)
  (sigma = hypot(trace std, 0.200 mV systematic floor) -- the pull denominator and the noise floor both use it.)

  Plot saved to C:\Users\weishan\Desktop\RbONN\src\calib_data\0906_refit\calib_step8_compare_asdriven_0906_1026.png

==============================================================================
OUTPUTS
==============================================================================
  calib_step6v2_meas_0904_0140.csv
  calib_step6v2_meas_asdriven.csv
  calib_step6v2_pair2_asdriven.png
  calib_step6v2_pair4_asdriven.png
  calib_step6v2_pair5_asdriven.png
  calib_step6v2_result_asdriven_0906_1024.json
  calib_step6v2_result_asdriven_0906_1025.json
  calib_step6v2_result_asdriven_0906_1026.json
  calib_step7_meas_0904_0146.csv
  calib_step7_meas_asdriven.csv
  calib_step7_result_0906_1026.json
  calib_step7_v2_pair4_refit.png
  calib_step7_v2_pair5_refit.png
  calib_step8_compare_asdriven_0906_1026.png
  calib_step8_simple_0904_0150.csv
  calib_step8_simple_asdriven.csv
  run.log

  step-8 comparison PNG -> calib_step8_compare_asdriven_0906_1026.png
